Archive member included to satisfy reference by file (symbol)

c:/ac6/systemworkbench/plugins/fr.ac6.mcu.externaltools.arm-none.win32_1.17.0.201812190825/tools/compiler/bin/../lib/gcc/arm-none-eabi/7.3.1/../../../../arm-none-eabi/lib/thumb/v7e-m/fpv4-sp/hard\libm.a(lib_a-w_log.o)
                              src/main.o (log)
c:/ac6/systemworkbench/plugins/fr.ac6.mcu.externaltools.arm-none.win32_1.17.0.201812190825/tools/compiler/bin/../lib/gcc/arm-none-eabi/7.3.1/../../../../arm-none-eabi/lib/thumb/v7e-m/fpv4-sp/hard\libm.a(lib_a-e_log.o)
                              c:/ac6/systemworkbench/plugins/fr.ac6.mcu.externaltools.arm-none.win32_1.17.0.201812190825/tools/compiler/bin/../lib/gcc/arm-none-eabi/7.3.1/../../../../arm-none-eabi/lib/thumb/v7e-m/fpv4-sp/hard\libm.a(lib_a-w_log.o) (__ieee754_log)
c:/ac6/systemworkbench/plugins/fr.ac6.mcu.externaltools.arm-none.win32_1.17.0.201812190825/tools/compiler/bin/../lib/gcc/arm-none-eabi/7.3.1/../../../../arm-none-eabi/lib/thumb/v7e-m/fpv4-sp/hard\libm.a(lib_a-s_lib_ver.o)
                              c:/ac6/systemworkbench/plugins/fr.ac6.mcu.externaltools.arm-none.win32_1.17.0.201812190825/tools/compiler/bin/../lib/gcc/arm-none-eabi/7.3.1/../../../../arm-none-eabi/lib/thumb/v7e-m/fpv4-sp/hard\libm.a(lib_a-w_log.o) (__fdlib_version)
c:/ac6/systemworkbench/plugins/fr.ac6.mcu.externaltools.arm-none.win32_1.17.0.201812190825/tools/compiler/bin/../lib/gcc/arm-none-eabi/7.3.1/../../../../arm-none-eabi/lib/thumb/v7e-m/fpv4-sp/hard\libm.a(lib_a-s_matherr.o)
                              c:/ac6/systemworkbench/plugins/fr.ac6.mcu.externaltools.arm-none.win32_1.17.0.201812190825/tools/compiler/bin/../lib/gcc/arm-none-eabi/7.3.1/../../../../arm-none-eabi/lib/thumb/v7e-m/fpv4-sp/hard\libm.a(lib_a-w_log.o) (matherr)
c:/ac6/systemworkbench/plugins/fr.ac6.mcu.externaltools.arm-none.win32_1.17.0.201812190825/tools/compiler/bin/../lib/gcc/arm-none-eabi/7.3.1/../../../../arm-none-eabi/lib/thumb/v7e-m/fpv4-sp/hard\libm.a(lib_a-s_nan.o)
                              c:/ac6/systemworkbench/plugins/fr.ac6.mcu.externaltools.arm-none.win32_1.17.0.201812190825/tools/compiler/bin/../lib/gcc/arm-none-eabi/7.3.1/../../../../arm-none-eabi/lib/thumb/v7e-m/fpv4-sp/hard\libm.a(lib_a-w_log.o) (nan)
c:/ac6/systemworkbench/plugins/fr.ac6.mcu.externaltools.arm-none.win32_1.17.0.201812190825/tools/compiler/bin/../lib/gcc/arm-none-eabi/7.3.1/thumb/v7e-m/fpv4-sp/hard\libgcc.a(_arm_addsubdf3.o)
                              src/main.o (__aeabi_dsub)
c:/ac6/systemworkbench/plugins/fr.ac6.mcu.externaltools.arm-none.win32_1.17.0.201812190825/tools/compiler/bin/../lib/gcc/arm-none-eabi/7.3.1/thumb/v7e-m/fpv4-sp/hard\libgcc.a(_arm_muldivdf3.o)
                              src/main.o (__aeabi_dmul)
c:/ac6/systemworkbench/plugins/fr.ac6.mcu.externaltools.arm-none.win32_1.17.0.201812190825/tools/compiler/bin/../lib/gcc/arm-none-eabi/7.3.1/thumb/v7e-m/fpv4-sp/hard\libgcc.a(_arm_cmpdf2.o)
                              src/main.o (__aeabi_dcmpeq)
c:/ac6/systemworkbench/plugins/fr.ac6.mcu.externaltools.arm-none.win32_1.17.0.201812190825/tools/compiler/bin/../lib/gcc/arm-none-eabi/7.3.1/thumb/v7e-m/fpv4-sp/hard\libgcc.a(_arm_unorddf2.o)
                              c:/ac6/systemworkbench/plugins/fr.ac6.mcu.externaltools.arm-none.win32_1.17.0.201812190825/tools/compiler/bin/../lib/gcc/arm-none-eabi/7.3.1/../../../../arm-none-eabi/lib/thumb/v7e-m/fpv4-sp/hard\libm.a(lib_a-w_log.o) (__aeabi_dcmpun)
c:/ac6/systemworkbench/plugins/fr.ac6.mcu.externaltools.arm-none.win32_1.17.0.201812190825/tools/compiler/bin/../lib/gcc/arm-none-eabi/7.3.1/thumb/v7e-m/fpv4-sp/hard\libgcc.a(_arm_fixdfsi.o)
                              src/main.o (__aeabi_d2iz)
c:/ac6/systemworkbench/plugins/fr.ac6.mcu.externaltools.arm-none.win32_1.17.0.201812190825/tools/compiler/bin/../lib/gcc/arm-none-eabi/7.3.1/thumb/v7e-m/fpv4-sp/hard\libgcc.a(_arm_truncdfsf2.o)
                              src/main.o (__aeabi_d2f)
c:/ac6/systemworkbench/plugins/fr.ac6.mcu.externaltools.arm-none.win32_1.17.0.201812190825/tools/compiler/bin/../lib/gcc/arm-none-eabi/7.3.1/../../../../arm-none-eabi/lib/thumb/v7e-m/fpv4-sp/hard\libc.a(lib_a-atoi.o)
                              src/main.o (atoi)
c:/ac6/systemworkbench/plugins/fr.ac6.mcu.externaltools.arm-none.win32_1.17.0.201812190825/tools/compiler/bin/../lib/gcc/arm-none-eabi/7.3.1/../../../../arm-none-eabi/lib/thumb/v7e-m/fpv4-sp/hard\libc.a(lib_a-atol.o)
                              src/main.o (atol)
c:/ac6/systemworkbench/plugins/fr.ac6.mcu.externaltools.arm-none.win32_1.17.0.201812190825/tools/compiler/bin/../lib/gcc/arm-none-eabi/7.3.1/../../../../arm-none-eabi/lib/thumb/v7e-m/fpv4-sp/hard\libc.a(lib_a-errno.o)
                              src/syscalls.o (__errno)
c:/ac6/systemworkbench/plugins/fr.ac6.mcu.externaltools.arm-none.win32_1.17.0.201812190825/tools/compiler/bin/../lib/gcc/arm-none-eabi/7.3.1/../../../../arm-none-eabi/lib/thumb/v7e-m/fpv4-sp/hard\libc.a(lib_a-exit.o)
[...]
Memory Configuration

Name             Origin             Length             Attributes
RAM              0x20000000         0x00020000         xrw
ROM              0x08000000         0x00100000         xr
*default*        0x00000000         0xffffffff

Linker script and memory map

LOAD c:/ac6/systemworkbench/plugins/fr.ac6.mcu.externaltools.arm-none.win32_1.17.0.201812190825/tools/compiler/bin/../lib/gcc/arm-none-eabi/7.3.1/thumb/v7e-m/fpv4-sp/hard/crti.o
LOAD c:/ac6/systemworkbench/plugins/fr.ac6.mcu.externaltools.arm-none.win32_1.17.0.201812190825/tools/compiler/bin/../lib/gcc/arm-none-eabi/7.3.1/thumb/v7e-m/fpv4-sp/hard/crtbegin.o
LOAD c:/ac6/systemworkbench/plugins/fr.ac6.mcu.externaltools.arm-none.win32_1.17.0.201812190825/tools/compiler/bin/../lib/gcc/arm-none-eabi/7.3.1/../../../../arm-none-eabi/lib/thumb/v7e-m/fpv4-sp/hard/crt0.o
LOAD StdPeriph_Driver/src/misc.o
LOAD StdPeriph_Driver/src/stm32f4xx_adc.o
LOAD StdPeriph_Driver/src/stm32f4xx_can.o
LOAD StdPeriph_Driver/src/stm32f4xx_cec.o
LOAD StdPeriph_Driver/src/stm32f4xx_crc.o
LOAD StdPeriph_Driver/src/stm32f4xx_cryp.o
LOAD StdPeriph_Driver/src/stm32f4xx_cryp_aes.o
LOAD StdPeriph_Driver/src/stm32f4xx_cryp_des.o
LOAD StdPeriph_Driver/src/stm32f4xx_cryp_tdes.o
LOAD StdPeriph_Driver/src/stm32f4xx_dac.o
LOAD StdPeriph_Driver/src/stm32f4xx_dbgmcu.o
LOAD StdPeriph_Driver/src/stm32f4xx_dcmi.o
LOAD StdPeriph_Driver/src/stm32f4xx_dfsdm.o
LOAD StdPeriph_Driver/src/stm32f4xx_dma.o
LOAD StdPeriph_Driver/src/stm32f4xx_dma2d.o
LOAD StdPeriph_Driver/src/stm32f4xx_dsi.o
LOAD StdPeriph_Driver/src/stm32f4xx_exti.o
LOAD StdPeriph_Driver/src/stm32f4xx_flash.o
LOAD StdPeriph_Driver/src/stm32f4xx_flash_ramfunc.o
LOAD StdPeriph_Driver/src/stm32f4xx_fmc.o
LOAD StdPeriph_Driver/src/stm32f4xx_fmip2c.o
LOAD StdPeriph_Driver/src/stm32f4xx_fsmc.o
LOAD StdPeriph_Driver/src/stm32f4xx_gpio.o
LOAD StdPeriph_Driver/src/stm32f4xx_hash.o
LOAD StdPeriph_Driver/src/stm32f4xx_hash_md5.o
LOAD StdPeriph_Driver/src/stm32f4xx_hash_sha1.o
LOAD StdPeriph_Driver/src/stm32f4xx_i2c.o
LOAD StdPeriph_Driver/src/stm32f4xx_iwdg.o
LOAD StdPeriph_Driver/src/stm32f4xx_lptim.o
LOAD StdPeriph_Driver/src/stm32f4xx_ltdc.o
LOAD StdPeriph_Driver/src/stm32f4xx_pwr.o
LOAD StdPeriph_Driver/src/stm32f4xx_qspi.o
LOAD StdPeriph_Driver/src/stm32f4xx_rcc.o
LOAD StdPeriph_Driver/src/stm32f4xx_rng.o
LOAD StdPeriph_Driver/src/stm32f4xx_rtc.o
LOAD StdPeriph_Driver/src/stm32f4xx_sai.o
LOAD StdPeriph_Driver/src/stm32f4xx_sdio.o
LOAD StdPeriph_Driver/src/stm32f4xx_spdifrx.o
LOAD StdPeriph_Driver/src/stm32f4xx_spi.o
LOAD StdPeriph_Driver/src/stm32f4xx_syscfg.o
LOAD StdPeriph_Driver/src/stm32f4xx_tim.o
LOAD StdPeriph_Driver/src/stm32f4xx_usart.o
LOAD StdPeriph_Driver/src/stm32f4xx_wwdg.o
LOAD src/can.o
LOAD src/exposure.o
LOAD src/i2c.o
LOAD src/main.o
LOAD src/stepmotor.o
LOAD src/stm32f4xx_it.o
LOAD src/syscalls.o
LOAD src/system_stm32f4xx.o
LOAD src/uartpc.o
LOAD startup/startup_stm32.o
LOAD c:/ac6/systemworkbench/plugins/fr.ac6.mcu.externaltools.arm-none.win32_1.17.0.201812190825/tools/compiler/bin/../lib/gcc/arm-none-eabi/7.3.1/../../../../arm-none-eabi/lib/thumb/v7e-m/fpv4-sp/hard\libm.a
START GROUP
LOAD c:/ac6/systemworkbench/plugins/fr.ac6.mcu.externaltools.arm-none.win32_1.17.0.201812190825/tools/compiler/bin/../lib/gcc/arm-none-eabi/7.3.1/thumb/v7e-m/fpv4-sp/hard\libgcc.a
LOAD c:/ac6/systemworkbench/plugins/fr.ac6.mcu.externaltools.arm-none.win32_1.17.0.201812190825/tools/compiler/bin/../lib/gcc/arm-none-eabi/7.3.1/../../../../arm-none-eabi/lib/thumb/v7e-m/fpv4-sp/hard\libc.a
END GROUP
LOAD c:/ac6/systemworkbench/plugins/fr.ac6.mcu.externaltools.arm-none.win32_1.17.0.201812190825/tools/compiler/bin/../lib/gcc/arm-none-eabi/7.3.1/thumb/v7e-m/fpv4-sp/hard/crtend.o
LOAD c:/ac6/systemworkbench/plugins/fr.ac6.mcu.externaltools.arm-none.win32_1.17.0.201812190825/tools/compiler/bin/../lib/gcc/arm-none-eabi/7.3.1/thumb/v7e-m/fpv4-sp/hard/crtn.o
                0x20020000                _estack = 0x20020000
                0x00000000                _Min_Heap_Size = 0x0
                0x00000400                _Min_Stack_Size = 0x400

.isr_vector     0x08000000      0x1a8
                0x08000000                . = ALIGN (0x4)
 *(.isr_vector)
 .isr_vector    0x08000000      0x1a8 startup/startup_stm32.o
                0x08000000                g_pfnVectors
                0x080001a8                . = ALIGN (0x4)

.text           0x080001c0    0x1b6bc
                0x080001c0                . = ALIGN (0x4)
 *(.text)
 .text          0x080001c0       0x40 c:/ac6/systemworkbench/plugins/fr.ac6.mcu.externaltools.arm-none.win32_1.17.0.201812190825/tools/compiler/bin/../lib/gcc/arm-none-eabi/7.3.1/thumb/v7e-m/fpv4-sp/hard/crtbegin.o
 .text          0x08000200      0x378 c:/ac6/systemworkbench/plugins/fr.ac6.mcu.externaltools.arm-none.win32_1.17.0.201812190825/tools/compiler/bin/../lib/gcc/arm-none-eabi/7.3.1/thumb/v7e-m/fpv4-sp/hard\libgcc.a(_arm_addsubdf3.o)
                0x08000200                __aeabi_drsub
                0x08000208                __aeabi_dsub
                0x08000208                __subdf3
                0x0800020c                __aeabi_dadd
                0x0800020c                __adddf3
                0x08000484                __floatunsidf
                0x08000484                __aeabi_ui2d
                0x080004a4                __floatsidf
                0x080004a4                __aeabi_i2d
                0x080004c8                __aeabi_f2d
                0x080004c8                __extendsfdf2
                0x0800050c                __floatundidf
                0x0800050c                __aeabi_ul2d
                0x0800051c                __floatdidf
                0x0800051c                __aeabi_l2d
 .text          0x08000578      0x424 c:/ac6/systemworkbench/plugins/fr.ac6.mcu.externaltools.arm-none.win32_1.17.0.201812190825/tools/compiler/bin/../lib/gcc/arm-none-eabi/7.3.1/thumb/v7e-m/fpv4-sp/hard\libgcc.a(_arm_muldivdf3.o)
                0x08000578                __aeabi_dmul
                0x08000578                __muldf3
                0x080007cc                __divdf3
                0x080007cc                __aeabi_ddiv
 .text          0x0800099c      0x110 c:/ac6/systemworkbench/plugins/fr.ac6.mcu.externaltools.arm-none.win32_1.17.0.201812190825/tools/compiler/bin/../lib/gcc/arm-none-eabi/7.3.1/thumb/v7e-m/fpv4-sp/hard\libgcc.a(_arm_cmpdf2.o)
                0x0800099c                __gtdf2
                0x0800099c                __gedf2
                0x080009a4                __ltdf2
                0x080009a4                __ledf2
                0x080009ac                __nedf2
                0x080009ac                __eqdf2
                0x080009ac                __cmpdf2
                0x08000a28                __aeabi_cdrcmple
                0x08000a38                __aeabi_cdcmpeq
                0x08000a38                __aeabi_cdcmple
                0x08000a48                __aeabi_dcmpeq
                0x08000a5c                __aeabi_dcmplt
                0x08000a70                __aeabi_dcmple
                0x08000a84                __aeabi_dcmpge
                0x08000a98                __aeabi_dcmpgt
 .text          0x08000aac       0x2c c:/ac6/systemworkbench/plugins/fr.ac6.mcu.externaltools.arm-none.win32_1.17.0.201812190825/tools/compiler/bin/../lib/gcc/arm-none-eabi/7.3.1/thumb/v7e-m/fpv4-sp/hard\libgcc.a(_arm_unorddf2.o)
                0x08000aac                __unorddf2
                0x08000aac                __aeabi_dcmpun
 .text          0x08000ad8       0x50 c:/ac6/systemworkbench/plugins/fr.ac6.mcu.externaltools.arm-none.win32_1.17.0.201812190825/tools/compiler/bin/../lib/gcc/arm-none-eabi/7.3.1/thumb/v7e-m/fpv4-sp/hard\libgcc.a(_arm_fixdfsi.o)
                0x08000ad8                __aeabi_d2iz
                0x08000ad8                __fixdfsi
 .text          0x08000b28       0xa0 c:/ac6/systemworkbench/plugins/fr.ac6.mcu.externaltools.arm-none.win32_1.17.0.201812190825/tools/compiler/bin/../lib/gcc/arm-none-eabi/7.3.1/thumb/v7e-m/fpv4-sp/hard\libgcc.a(_arm_truncdfsf2.o)
                0x08000b28                __truncdfsf2
                0x08000b28                __aeabi_d2f
 .text          0x08000bc8      0x134 c:/ac6/systemworkbench/plugins/fr.ac6.mcu.externaltools.arm-none.win32_1.17.0.201812190825/tools/compiler/bin/../lib/gcc/arm-none-eabi/7.3.1/../../../../arm-none-eabi/lib/thumb/v7e-m/fpv4-sp/hard\libc.a(lib_a-memcpy.o)
                0x08000bc8                memcpy
 *fill*         0x08000cfc        0x4 
 .text          0x08000d00       0xdc c:/ac6/systemworkbench/plugins/fr.ac6.mcu.externaltools.arm-none.win32_1.17.0.201812190825/tools/compiler/bin/../lib/gcc/arm-none-eabi/7.3.1/../../../../arm-none-eabi/lib/thumb/v7e-m/fpv4-sp/hard\libc.a(lib_a-strlen.o)
                0x08000d00                strlen
 *fill*         0x08000ddc        0x4 
 .text          0x08000de0       0xa0 c:/ac6/systemworkbench/plugins/fr.ac6.mcu.externaltools.arm-none.win32_1.17.0.201812190825/tools/compiler/bin/../lib/gcc/arm-none-eabi/7.3.1/../../../../arm-none-eabi/lib/thumb/v7e-m/fpv4-sp/hard\libc.a(lib_a-memchr.o)
                0x08000de0                memchr
 .text          0x08000e80       0x30 c:/ac6/systemworkbench/plugins/fr.ac6.mcu.externaltools.arm-none.win32_1.17.0.201812190825/tools/compiler/bin/../lib/gcc/arm-none-eabi/7.3.1/thumb/v7e-m/fpv4-sp/hard\libgcc.a(_aeabi_uldivmod.o)
                0x08000e80                __aeabi_uldivmod
 .text          0x08000eb0      0x2cc c:/ac6/systemworkbench/plugins/fr.ac6.mcu.externaltools.arm-none.win32_1.17.0.201812190825/tools/compiler/bin/../lib/gcc/arm-none-eabi/7.3.1/thumb/v7e-m/fpv4-sp/hard\libgcc.a(_udivmoddi4.o)
                0x08000eb0                __udivmoddi4
 .text          0x0800117c        0x4 c:/ac6/systemworkbench/plugins/fr.ac6.mcu.externaltools.arm-none.win32_1.17.0.201812190825/tools/compiler/bin/../lib/gcc/arm-none-eabi/7.3.1/thumb/v7e-m/fpv4-sp/hard\libgcc.a(_dvmd_tls.o)
                0x0800117c                __aeabi_idiv0
                0x0800117c                __aeabi_ldiv0
 *(.text*)
 .text.NVIC_PriorityGroupConfig
                0x08001180       0x28 StdPeriph_Driver/src/misc.o
                0x08001180                NVIC_PriorityGroupConfig
 .text.NVIC_Init
                0x080011a8       0xc4 StdPeriph_Driver/src/misc.o
                0x080011a8                NVIC_Init
 .text.ADC_DeInit
                0x0800126c       0x1c StdPeriph_Driver/src/stm32f4xx_adc.o
                0x0800126c                ADC_DeInit
 .text.ADC_Init
                0x08001288       0xac StdPeriph_Driver/src/stm32f4xx_adc.o
                0x08001288                ADC_Init
 .text.ADC_CommonInit
                0x08001334       0x50 StdPeriph_Driver/src/stm32f4xx_adc.o
                0x08001334                ADC_CommonInit
 .text.ADC_Cmd  0x08001384       0x38 StdPeriph_Driver/src/stm32f4xx_adc.o
                0x08001384                ADC_Cmd
 .text.ADC_RegularChannelConfig
                0x080013bc      0x194 StdPeriph_Driver/src/stm32f4xx_adc.o
                0x080013bc                ADC_RegularChannelConfig
 .text.ADC_SoftwareStartConv
                0x08001550       0x20 StdPeriph_Driver/src/stm32f4xx_adc.o
                0x08001550                ADC_SoftwareStartConv
 .text.ADC_DMACmd
                0x08001570       0x38 StdPeriph_Driver/src/stm32f4xx_adc.o
                0x08001570                ADC_DMACmd
 .text.ADC_DMARequestAfterLastTransferCmd
                0x080015a8       0x38 StdPeriph_Driver/src/stm32f4xx_adc.o
                0x080015a8                ADC_DMARequestAfterLastTransferCmd
 .text.ADC_GetITStatus
                0x080015e0       0x5c StdPeriph_Driver/src/stm32f4xx_adc.o
                0x080015e0                ADC_GetITStatus
 .text.ADC_ClearITPendingBit
                0x0800163c       0x2c StdPeriph_Driver/src/stm32f4xx_adc.o
                0x0800163c                ADC_ClearITPendingBit
 .text.CAN_DeInit
                0x08001668       0x48 StdPeriph_Driver/src/stm32f4xx_can.o
                0x08001668                CAN_DeInit
 .text.CAN_Init
                0x080016b0      0x1a2 StdPeriph_Driver/src/stm32f4xx_can.o
                0x080016b0                CAN_Init
 *fill*         0x08001852        0x2 
 .text.CAN_FilterInit
                0x08001854      0x184 StdPeriph_Driver/src/stm32f4xx_can.o
                0x08001854                CAN_FilterInit
 .text.CAN_StructInit
                0x080019d8       0x56 StdPeriph_Driver/src/stm32f4xx_can.o
                0x080019d8                CAN_StructInit
 .text.CAN_Transmit
                0x08001a2e      0x1a2 StdPeriph_Driver/src/stm32f4xx_can.o
                0x08001a2e                CAN_Transmit
 .text.CAN_Receive
                0x08001bd0      0x17c StdPeriph_Driver/src/stm32f4xx_can.o
                0x08001bd0                CAN_Receive
 .text.CAN_MessagePending
                0x08001d4c       0x4a StdPeriph_Driver/src/stm32f4xx_can.o
                0x08001d4c                CAN_MessagePending
 .text.CAN_GetLastErrorCode
                0x08001d96       0x26 StdPeriph_Driver/src/stm32f4xx_can.o
                0x08001d96                CAN_GetLastErrorCode
 .text.CAN_GetReceiveErrorCounter
                0x08001dbc       0x22 StdPeriph_Driver/src/stm32f4xx_can.o
                0x08001dbc                CAN_GetReceiveErrorCounter
 .text.CAN_GetLSBTransmitErrorCounter
                0x08001dde       0x22 StdPeriph_Driver/src/stm32f4xx_can.o
                0x08001dde                CAN_GetLSBTransmitErrorCounter
 .text.DAC_Init
                0x08001e00       0x68 StdPeriph_Driver/src/stm32f4xx_dac.o
                0x08001e00                DAC_Init
 .text.DAC_StructInit
                0x08001e68       0x2c StdPeriph_Driver/src/stm32f4xx_dac.o
                0x08001e68                DAC_StructInit
 .text.DAC_Cmd  0x08001e94       0x4c StdPeriph_Driver/src/stm32f4xx_dac.o
                0x08001e94                DAC_Cmd
 .text.DAC_SetChannel1Data
                0x08001ee0       0x38 StdPeriph_Driver/src/stm32f4xx_dac.o
                0x08001ee0                DAC_SetChannel1Data
 .text.DAC_SetChannel2Data
                0x08001f18       0x38 StdPeriph_Driver/src/stm32f4xx_dac.o
                0x08001f18                DAC_SetChannel2Data
 .text.DMA_Init
                0x08001f50       0xb0 StdPeriph_Driver/src/stm32f4xx_dma.o
                0x08001f50                DMA_Init
 .text.DMA_Cmd  0x08002000       0x38 StdPeriph_Driver/src/stm32f4xx_dma.o
                0x08002000                DMA_Cmd
 .text.DMA_GetITStatus
                0x08002038       0xb0 StdPeriph_Driver/src/stm32f4xx_dma.o
                0x08002038                DMA_GetITStatus
 .text.DMA_ClearITPendingBit
                0x080020e8       0x5c StdPeriph_Driver/src/stm32f4xx_dma.o
                0x080020e8                DMA_ClearITPendingBit
 .text.EXTI_Init
                0x08002144       0xe4 StdPeriph_Driver/src/stm32f4xx_exti.o
                0x08002144                EXTI_Init
 .text.EXTI_GetITStatus
                0x08002228       0x34 StdPeriph_Driver/src/stm32f4xx_exti.o
                0x08002228                EXTI_GetITStatus
 .text.EXTI_ClearITPendingBit
                0x0800225c       0x20 StdPeriph_Driver/src/stm32f4xx_exti.o
                0x0800225c                EXTI_ClearITPendingBit
 .text.GPIO_Init
                0x0800227c      0x11c StdPeriph_Driver/src/stm32f4xx_gpio.o
                0x0800227c                GPIO_Init
 .text.GPIO_StructInit
                0x08002398       0x34 StdPeriph_Driver/src/stm32f4xx_gpio.o
                0x08002398                GPIO_StructInit
 .text.GPIO_ReadInputDataBit
                0x080023cc       0x34 StdPeriph_Driver/src/stm32f4xx_gpio.o
                0x080023cc                GPIO_ReadInputDataBit
 .text.GPIO_SetBits
                0x08002400       0x1e StdPeriph_Driver/src/stm32f4xx_gpio.o
                0x08002400                GPIO_SetBits
 .text.GPIO_ResetBits
                0x0800241e       0x1e StdPeriph_Driver/src/stm32f4xx_gpio.o
                0x0800241e                GPIO_ResetBits
 .text.GPIO_PinAFConfig
                0x0800243c       0x92 StdPeriph_Driver/src/stm32f4xx_gpio.o
                0x0800243c                GPIO_PinAFConfig
 *fill*         0x080024ce        0x2 
 .text.I2C_DeInit
                0x080024d0       0x74 StdPeriph_Driver/src/stm32f4xx_i2c.o
                0x080024d0                I2C_DeInit
 .text.I2C_Init
                0x08002544      0x184 StdPeriph_Driver/src/stm32f4xx_i2c.o
                0x08002544                I2C_Init
 .text.I2C_StructInit
                0x080026c8       0x3e StdPeriph_Driver/src/stm32f4xx_i2c.o
                0x080026c8                I2C_StructInit
 .text.I2C_Cmd  0x08002706       0x40 StdPeriph_Driver/src/stm32f4xx_i2c.o
                0x08002706                I2C_Cmd
 .text.I2C_GenerateSTART
                0x08002746       0x40 StdPeriph_Driver/src/stm32f4xx_i2c.o
                0x08002746                I2C_GenerateSTART
 .text.I2C_GenerateSTOP
                0x08002786       0x40 StdPeriph_Driver/src/stm32f4xx_i2c.o
                0x08002786                I2C_GenerateSTOP
 .text.I2C_Send7bitAddress
                0x080027c6       0x3c StdPeriph_Driver/src/stm32f4xx_i2c.o
                0x080027c6                I2C_Send7bitAddress
 .text.I2C_AcknowledgeConfig
                0x08002802       0x40 StdPeriph_Driver/src/stm32f4xx_i2c.o
                0x08002802                I2C_AcknowledgeConfig
 .text.I2C_SendData
                0x08002842       0x20 StdPeriph_Driver/src/stm32f4xx_i2c.o
                0x08002842                I2C_SendData
 .text.I2C_ReceiveData
                0x08002862       0x1c StdPeriph_Driver/src/stm32f4xx_i2c.o
                0x08002862                I2C_ReceiveData
 .text.I2C_ITConfig
                0x0800287e       0x48 StdPeriph_Driver/src/stm32f4xx_i2c.o
                0x0800287e                I2C_ITConfig
 .text.I2C_CheckEvent
                0x080028c6       0x60 StdPeriph_Driver/src/stm32f4xx_i2c.o
                0x080028c6                I2C_CheckEvent
 .text.I2C_GetLastEvent
                0x08002926       0x44 StdPeriph_Driver/src/stm32f4xx_i2c.o
                0x08002926                I2C_GetLastEvent
 .text.I2C_GetFlagStatus
                0x0800296a       0x66 StdPeriph_Driver/src/stm32f4xx_i2c.o
                0x0800296a                I2C_GetFlagStatus
 .text.I2C_GetITStatus
                0x080029d0       0x5a StdPeriph_Driver/src/stm32f4xx_i2c.o
                0x080029d0                I2C_GetITStatus
 .text.I2C_ClearITPendingBit
                0x08002a2a       0x2e StdPeriph_Driver/src/stm32f4xx_i2c.o
                0x08002a2a                I2C_ClearITPendingBit
 .text.RCC_GetClocksFreq
                0x08002a58      0x150 StdPeriph_Driver/src/stm32f4xx_rcc.o
                0x08002a58                RCC_GetClocksFreq
 .text.RCC_AHB1PeriphClockCmd
                0x08002ba8       0x40 StdPeriph_Driver/src/stm32f4xx_rcc.o
                0x08002ba8                RCC_AHB1PeriphClockCmd
 .text.RCC_APB1PeriphClockCmd
                0x08002be8       0x40 StdPeriph_Driver/src/stm32f4xx_rcc.o
                0x08002be8                RCC_APB1PeriphClockCmd
 .text.RCC_APB2PeriphClockCmd
                0x08002c28       0x40 StdPeriph_Driver/src/stm32f4xx_rcc.o
                0x08002c28                RCC_APB2PeriphClockCmd
 .text.RCC_APB1PeriphResetCmd
                0x08002c68       0x40 StdPeriph_Driver/src/stm32f4xx_rcc.o
                0x08002c68                RCC_APB1PeriphResetCmd
 .text.RCC_APB2PeriphResetCmd
                0x08002ca8       0x40 StdPeriph_Driver/src/stm32f4xx_rcc.o
                0x08002ca8                RCC_APB2PeriphResetCmd
 .text.SPI_I2S_GetITStatus
                0x08002ce8       0x76 StdPeriph_Driver/src/stm32f4xx_spi.o
                0x08002ce8                SPI_I2S_GetITStatus
 .text.SPI_I2S_ClearITPendingBit
                0x08002d5e       0x34 StdPeriph_Driver/src/stm32f4xx_spi.o
                0x08002d5e                SPI_I2S_ClearITPendingBit
 *fill*         0x08002d92        0x2 
 .text.SYSCFG_EXTILineConfig
                0x08002d94       0x84 StdPeriph_Driver/src/stm32f4xx_syscfg.o
                0x08002d94                SYSCFG_EXTILineConfig
 .text.TIM_DeInit
                0x08002e18      0x1c0 StdPeriph_Driver/src/stm32f4xx_tim.o
                0x08002e18                TIM_DeInit
 .text.TIM_TimeBaseInit
                0x08002fd8       0xd8 StdPeriph_Driver/src/stm32f4xx_tim.o
                0x08002fd8                TIM_TimeBaseInit
 .text.TIM_TimeBaseStructInit
                0x080030b0       0x34 StdPeriph_Driver/src/stm32f4xx_tim.o
                0x080030b0                TIM_TimeBaseStructInit
 .text.TIM_ARRPreloadConfig
                0x080030e4       0x40 StdPeriph_Driver/src/stm32f4xx_tim.o
                0x080030e4                TIM_ARRPreloadConfig
 .text.TIM_SelectOnePulseMode
                0x08003124       0x38 StdPeriph_Driver/src/stm32f4xx_tim.o
                0x08003124                TIM_SelectOnePulseMode
 .text.TIM_Cmd  0x0800315c       0x40 StdPeriph_Driver/src/stm32f4xx_tim.o
                0x0800315c                TIM_Cmd
 .text.TIM_OC1Init
                0x0800319c       0xf4 StdPeriph_Driver/src/stm32f4xx_tim.o
                0x0800319c                TIM_OC1Init
 .text.TIM_OC2Init
                0x08003290      0x110 StdPeriph_Driver/src/stm32f4xx_tim.o
                0x08003290                TIM_OC2Init
 .text.TIM_OC3Init
                0x080033a0      0x10c StdPeriph_Driver/src/stm32f4xx_tim.o
                0x080033a0                TIM_OC3Init
 .text.TIM_OC4Init
                0x080034ac       0xd0 StdPeriph_Driver/src/stm32f4xx_tim.o
                0x080034ac                TIM_OC4Init
 .text.TIM_OCStructInit
                0x0800357c       0x44 StdPeriph_Driver/src/stm32f4xx_tim.o
                0x0800357c                TIM_OCStructInit
 .text.TIM_SetCompare1
                0x080035c0       0x1c StdPeriph_Driver/src/stm32f4xx_tim.o
                0x080035c0                TIM_SetCompare1
 .text.TIM_OC1PreloadConfig
                0x080035dc       0x38 StdPeriph_Driver/src/stm32f4xx_tim.o
                0x080035dc                TIM_OC1PreloadConfig
 .text.TIM_OC2PreloadConfig
                0x08003614       0x3c StdPeriph_Driver/src/stm32f4xx_tim.o
                0x08003614                TIM_OC2PreloadConfig
 .text.TIM_OC3PreloadConfig
                0x08003650       0x38 StdPeriph_Driver/src/stm32f4xx_tim.o
                0x08003650                TIM_OC3PreloadConfig
 .text.TIM_OC4PreloadConfig
                0x08003688       0x3c StdPeriph_Driver/src/stm32f4xx_tim.o
                0x08003688                TIM_OC4PreloadConfig
 .text.TIM_OC1PolarityConfig
                0x080036c4       0x38 StdPeriph_Driver/src/stm32f4xx_tim.o
                0x080036c4                TIM_OC1PolarityConfig
 .text.TIM_OC2PolarityConfig
                0x080036fc       0x3c StdPeriph_Driver/src/stm32f4xx_tim.o
                0x080036fc                TIM_OC2PolarityConfig
 .text.TIM_OC3PolarityConfig
                0x08003738       0x3c StdPeriph_Driver/src/stm32f4xx_tim.o
                0x08003738                TIM_OC3PolarityConfig
 .text.TIM_OC4PolarityConfig
                0x08003774       0x3c StdPeriph_Driver/src/stm32f4xx_tim.o
                0x08003774                TIM_OC4PolarityConfig
 .text.TIM_CtrlPWMOutputs
                0x080037b0       0x4c StdPeriph_Driver/src/stm32f4xx_tim.o
                0x080037b0                TIM_CtrlPWMOutputs
 .text.TIM_ITConfig
                0x080037fc       0x48 StdPeriph_Driver/src/stm32f4xx_tim.o
                0x080037fc                TIM_ITConfig
 .text.TIM_GetITStatus
                0x08003844       0x54 StdPeriph_Driver/src/stm32f4xx_tim.o
                0x08003844                TIM_GetITStatus
 .text.TIM_ClearITPendingBit
                0x08003898       0x22 StdPeriph_Driver/src/stm32f4xx_tim.o
                0x08003898                TIM_ClearITPendingBit
 *fill*         0x080038ba        0x2 
 .text.USART_DeInit
                0x080038bc      0x118 StdPeriph_Driver/src/stm32f4xx_usart.o
                0x080038bc                USART_DeInit
 .text.USART_Init
                0x080039d4      0x174 StdPeriph_Driver/src/stm32f4xx_usart.o
                0x080039d4                USART_Init
 .text.USART_StructInit
                0x08003b48       0x3a StdPeriph_Driver/src/stm32f4xx_usart.o
                0x08003b48                USART_StructInit
 .text.USART_Cmd
                0x08003b82       0x40 StdPeriph_Driver/src/stm32f4xx_usart.o
                0x08003b82                USART_Cmd
 .text.USART_SendData
                0x08003bc2       0x24 StdPeriph_Driver/src/stm32f4xx_usart.o
                0x08003bc2                USART_SendData
 .text.USART_ReceiveData
                0x08003be6       0x20 StdPeriph_Driver/src/stm32f4xx_usart.o
                0x08003be6                USART_ReceiveData
 .text.USART_ITConfig
                0x08003c06       0x90 StdPeriph_Driver/src/stm32f4xx_usart.o
                0x08003c06                USART_ITConfig
 .text.USART_GetITStatus
                0x08003c96       0xb6 StdPeriph_Driver/src/stm32f4xx_usart.o
                0x08003c96                USART_GetITStatus
 .text.USART_ClearITPendingBit
                0x08003d4c       0x3a StdPeriph_Driver/src/stm32f4xx_usart.o
                0x08003d4c                USART_ClearITPendingBit
 *fill*         0x08003d86        0x2 
 .text.CanInit  0x08003d88      0x6a4 src/can.o
                0x08003d88                CanInit
 .text.CanSend  0x0800442c       0x8c src/can.o
                0x0800442c                CanSend
 .text.CanReceive
                0x080044b8       0x22 src/can.o
                0x080044b8                CanReceive
 *fill*         0x080044da        0x2 
 .text.CanDecode
                0x080044dc      0xbc0 src/can.o
                0x080044dc                CanDecode
 .text.CanRxWork
                0x0800509c       0x34 src/can.o
                0x0800509c                CanRxWork
 .text.CanTxWork
                0x080050d0        0xc src/can.o
                0x080050d0                CanTxWork
 .text.CanReadError
                0x080050dc       0x78 src/can.o
                0x080050dc                CanReadError
 .text.CanAppendMessageToTxQueue
                0x08005154       0xb4 src/can.o
                0x08005154                CanAppendMessageToTxQueue
 .text.CanSendMessageFromTxQueue
                0x08005208       0x88 src/can.o
                0x08005208                CanSendMessageFromTxQueue
 .text.CanResetInfoStructures
                0x08005290      0x1fc src/can.o
                0x08005290                CanResetInfoStructures
 *fill*         0x0800548c        0x4 
 .text.ExposureInit
                0x08005490      0x820 src/exposure.o
                0x08005490                ExposureInit
 .text.SwitchExposureOn
                0x08005cb0      0x160 src/exposure.o
                0x08005cb0                SwitchExposureOn
 .text.SwitchExposureOff
                0x08005e10       0xcc src/exposure.o
                0x08005e10                SwitchExposureOff
 .text.SetExposureModeSychron
                0x08005edc      0x14c src/exposure.o
                0x08005edc                SetExposureModeSychron
 .text.ExposureWork
                0x08006028      0x11c src/exposure.o
                0x08006028                ExposureWork
 .text.ExposureSetLine
                0x08006144       0x6c src/exposure.o
                0x08006144                ExposureSetLine
 .text.ExposureSetCurrent
                0x080061b0       0x8c src/exposure.o
                0x080061b0                ExposureSetCurrent
 .text.ExposureSetPulse
                0x0800623c       0x58 src/exposure.o
                0x0800623c                ExposureSetPulse
 .text.ExposureWatchChanges
                0x08006294       0xe4 src/exposure.o
                0x08006294                ExposureWatchChanges
 .text.ExposureReadVoltage
                0x08006378       0x3c src/exposure.o
                0x08006378                ExposureReadVoltage
 .text.ExposureReadCurrent
                0x080063b4       0x40 src/exposure.o
                0x080063b4                ExposureReadCurrent
 .text.ExposureReadBrightness
                0x080063f4       0x1c src/exposure.o
                0x080063f4                ExposureReadBrightness
 .text.ExposureReadSensorTemperature
                0x08006410       0x1c src/exposure.o
                0x08006410                ExposureReadSensorTemperature
 .text.ExposureCalibrationReset
                0x0800642c      0x1c4 src/exposure.o
                0x0800642c                ExposureCalibrationReset
 .text.ExposureCalibrationLow
                0x080065f0       0x68 src/exposure.o
                0x080065f0                ExposureCalibrationLow
 .text.ExposureCalibrationHigh
                0x08006658      0x50c src/exposure.o
                0x08006658                ExposureCalibrationHigh
 .text.SwitchExposureRegulatedPowerOn
                0x08006b64      0x254 src/exposure.o
                0x08006b64                SwitchExposureRegulatedPowerOn
 .text.ExposureCurrentToDac
                0x08006db8       0x60 src/exposure.o
                0x08006db8                ExposureCurrentToDac
 .text.ExposureStartCurrentCalibration
                0x08006e18       0x74 src/exposure.o
                0x08006e18                ExposureStartCurrentCalibration
 .text.ExposureWorkCurrentCalibration
                0x08006e8c      0x16c src/exposure.o
                0x08006e8c                ExposureWorkCurrentCalibration
 .text.ExposureCurrentCalculation
                0x08006ff8      0x100 src/exposure.o
                0x08006ff8                ExposureCurrentCalculation
 .text.I2cInit  0x080070f8      0x1dc src/i2c.o
                0x080070f8                I2cInit
 .text.I2cStart
                0x080072d4      0x100 src/i2c.o
                0x080072d4                I2cStart
 .text.I2cRestart
                0x080073d4      0x104 src/i2c.o
                0x080073d4                I2cRestart
 .text.I2cWrite
                0x080074d8       0x58 src/i2c.o
                0x080074d8                I2cWrite
 .text.I2cReadAck
                0x08007530       0xb0 src/i2c.o
                0x08007530                I2cReadAck
 .text.I2cReadNack
                0x080075e0      0x100 src/i2c.o
                0x080075e0                I2cReadNack
 .text.I2cStop  0x080076e0       0x80 src/i2c.o
                0x080076e0                I2cStop
 .text.IsI2cAddressPresent
                0x08007760       0x3c src/i2c.o
                0x08007760                IsI2cAddressPresent
 .text.I2cReadTMP275
                0x0800779c       0x6c src/i2c.o
                0x0800779c                I2cReadTMP275
 .text.I2cReadEepromByte
                0x08007808       0x54 src/i2c.o
                0x08007808                I2cReadEepromByte
 .text.I2cReadEepromInteger
                0x0800785c       0x94 src/i2c.o
                0x0800785c                I2cReadEepromInteger
 .text.I2cReadEepromExtInteger
                0x080078f0       0x94 src/i2c.o
                0x080078f0                I2cReadEepromExtInteger
 .text.I2cReadEepromExtAscii
                0x08007984       0xb8 src/i2c.o
                0x08007984                I2cReadEepromExtAscii
 .text.I2cWriteEepromByte
                0x08007a3c       0x54 src/i2c.o
                0x08007a3c                I2cWriteEepromByte
 .text.I2cWriteEepromExtByte
                0x08007a90       0x54 src/i2c.o
                0x08007a90                I2cWriteEepromExtByte
 .text.I2cWriteEepromInteger
                0x08007ae4       0x7c src/i2c.o
                0x08007ae4                I2cWriteEepromInteger
 .text.I2cWriteEepromExtInteger
                0x08007b60       0x7c src/i2c.o
                0x08007b60                I2cWriteEepromExtInteger
 .text.I2cSetModeLTC2481
                0x08007bdc       0xb0 src/i2c.o
                0x08007bdc                I2cSetModeLTC2481
 .text.I2cReadLTC2481
                0x08007c8c       0x78 src/i2c.o
                0x08007c8c                I2cReadLTC2481
 .text.I2cLM35091SwitchMain
                0x08007d04       0x48 src/i2c.o
                0x08007d04                I2cLM35091SwitchMain
 .text.I2cLM35091SetMainBrightness
                0x08007d4c       0x4c src/i2c.o
                0x08007d4c                I2cLM35091SetMainBrightness
 .text.I2cINA236SetConfig
                0x08007d98       0xbc src/i2c.o
                0x08007d98                I2cINA236SetConfig
 .text.I2cINA236SetRegisterPointer
                0x08007e54       0x30 src/i2c.o
                0x08007e54                I2cINA236SetRegisterPointer
 .text.I2cReadINA236
                0x08007e84       0x54 src/i2c.o
                0x08007e84                I2cReadINA236
 .text.I2cReadLTC2471
                0x08007ed8       0x50 src/i2c.o
                0x08007ed8                I2cReadLTC2471
 .text.I2cAddJob
                0x08007f28       0x7c src/i2c.o
                0x08007f28                I2cAddJob
 .text.WorkI2c  0x08007fa4      0x154 src/i2c.o
                0x08007fa4                WorkI2c
 .text.main     0x080080f8      0x1a4 src/main.o
                0x080080f8                main
 .text.EnableTimerPeriphClock
                0x0800829c      0x12c src/main.o
                0x0800829c                EnableTimerPeriphClock
 .text.IsTimerOnAPB2
                0x080083c8       0x58 src/main.o
                0x080083c8                IsTimerOnAPB2
 .text.GPIOConfigUnusedPins
                0x08008420       0x94 src/main.o
                0x08008420                GPIOConfigUnusedPins
 .text.GPIOConfig
                0x080084b4       0xb4 src/main.o
                0x080084b4                GPIOConfig
 .text.ADCConfig
                0x08008568      0x144 src/main.o
                0x08008568                ADCConfig
 .text.FanInit  0x080086ac      0x144 src/main.o
                0x080086ac                FanInit
 .text.FanSetPwm
                0x080087f0       0x38 src/main.o
                0x080087f0                FanSetPwm
 .text.SystemTimerConfig
                0x08008828       0xa0 src/main.o
                0x08008828                SystemTimerConfig
 .text.LedRed   0x080088c8       0x34 src/main.o
                0x080088c8                LedRed
 .text.LedGreen
                0x080088fc       0x34 src/main.o
                0x080088fc                LedGreen
 .text.ReadHardwareVersion
                0x08008930       0x4c src/main.o
                0x08008930                ReadHardwareVersion
 .text.Decoder  0x0800897c     0x54a4 src/main.o
                0x0800897c                Decoder
 .text.WorkSendLogData
                0x0800de20     0x3c1c src/main.o
                0x0800de20                WorkSendLogData
 .text.WorkScript
                0x08011a3c      0x6a4 src/main.o
                0x08011a3c                WorkScript
 .text.NextScriptIndex
                0x080120e0     0x1024 src/main.o
                0x080120e0                NextScriptIndex
 .text.ExitScript
                0x08013104       0x18 src/main.o
                0x08013104                ExitScript
 .text.GetParameter
                0x0801311c       0x92 src/main.o
                0x0801311c                GetParameter
 *fill*         0x080131ae        0x2 
 .text.LoadDemoScript
                0x080131b0      0x428 src/main.o
                0x080131b0                LoadDemoScript
 .text.SendToCommunicationPort
                0x080135d8       0x2c src/main.o
                0x080135d8                SendToCommunicationPort
 .text.WorkAdc  0x08013604       0x64 src/main.o
                0x08013604                WorkAdc
 .text.CalculateNtcTemperature
                0x08013668      0x1b4 src/main.o
                0x08013668                CalculateNtcTemperature
 .text.StopScript
                0x0801381c       0x28 src/main.o
                0x0801381c                StopScript
 .text.StartScript
                0x08013844       0x2c src/main.o
                0x08013844                StartScript
 .text.ClearScript
                0x08013870       0x2c src/main.o
                0x08013870                ClearScript
 .text.AddScriptEntry
                0x0801389c       0xf4 src/main.o
                0x0801389c                AddScriptEntry
 .text.EditScriptEntry
                0x08013990      0x108 src/main.o
                0x08013990                EditScriptEntry
 .text.SetLogOutput
                0x08013a98       0x20 src/main.o
                0x08013a98                SetLogOutput
 .text.SetFilterDate
                0x08013ab8       0x80 src/main.o
                0x08013ab8                SetFilterDate
 .text.ReadFilterDate
                0x08013b38       0x80 src/main.o
                0x08013b38                ReadFilterDate
 .text.DecodeFilterDate
                0x08013bb8       0x78 src/main.o
                0x08013bb8                DecodeFilterDate
 .text.SetQcDate
                0x08013c30       0x80 src/main.o
                0x08013c30                SetQcDate
 .text.ReadQcDate
                0x08013cb0       0x80 src/main.o
                0x08013cb0                ReadQcDate
 .text.WorkFan  0x08013d30       0x4c src/main.o
                0x08013d30                WorkFan
 .text.StepmotorInit
                0x08013d7c      0x79c src/stepmotor.o
                0x08013d7c                StepmotorInit
 .text.StepmotorStart
                0x08014518      0x12c src/stepmotor.o
                0x08014518                StepmotorStart
 .text.StepmotorSetSpeed
                0x08014644       0xe4 src/stepmotor.o
                0x08014644                StepmotorSetSpeed
 .text.StepmotorSetAcceleration
                0x08014728       0xc0 src/stepmotor.o
                0x08014728                StepmotorSetAcceleration
 .text.StepmotorSetDeceleration
                0x080147e8       0x70 src/stepmotor.o
                0x080147e8                StepmotorSetDeceleration
 .text.StepmotorSetDirection
                0x08014858       0xb4 src/stepmotor.o
                0x08014858                StepmotorSetDirection
 .text.StepmotorStop
                0x0801490c       0x80 src/stepmotor.o
                0x0801490c                StepmotorStop
 .text.StepmotorReferenceDrive
                0x0801498c       0x54 src/stepmotor.o
                0x0801498c                StepmotorReferenceDrive
 .text.StepmotorStartReferenceDrive
                0x080149e0       0xcc src/stepmotor.o
                0x080149e0                StepmotorStartReferenceDrive
 .text.StepmotorWork
                0x08014aac      0x484 src/stepmotor.o
                0x08014aac                StepmotorWork
 .text.StepmotorRampWork
                0x08014f30      0x1dc src/stepmotor.o
                0x08014f30                StepmotorRampWork
 .text.StepmotorUpdateSpeed
                0x0801510c       0xe8 src/stepmotor.o
                0x0801510c                StepmotorUpdateSpeed
 .text.StepmotorGoToPosition
                0x080151f4      0x294 src/stepmotor.o
                0x080151f4                StepmotorGoToPosition
 .text.StepmotorGoToEncoderPosition
                0x08015488      0x3a8 src/stepmotor.o
                0x08015488                StepmotorGoToEncoderPosition
 .text.StepmotorSetMicrostepConfig
                0x08015830       0x7c src/stepmotor.o
                0x08015830                StepmotorSetMicrostepConfig
 .text.StepmotorSwitchLightBarrier
                0x080158ac       0x70 src/stepmotor.o
                0x080158ac                StepmotorSwitchLightBarrier
 .text.IsStepmotorInReferenceLightbarrier
                0x0801591c       0x7c src/stepmotor.o
                0x0801591c                IsStepmotorInReferenceLightbarrier
 .text.CalculateRampDownTriggerPoint
                0x08015998      0x21c src/stepmotor.o
                0x08015998                CalculateRampDownTriggerPoint
 .text.StepmotorWatchChanges
                0x08015bb4      0x3a4 src/stepmotor.o
                0x08015bb4                StepmotorWatchChanges
 .text.StepmotorEnable
                0x08015f58       0x50 src/stepmotor.o
                0x08015f58                StepmotorEnable
 .text.StepmotorDisable
                0x08015fa8       0x3c src/stepmotor.o
                0x08015fa8                StepmotorDisable
 .text.StepmotorSetFilterPosition
                0x08015fe4       0xb0 src/stepmotor.o
                0x08015fe4                StepmotorSetFilterPosition
 .text.StepmotorSetEncoderOffset
                0x08016094       0x18 src/stepmotor.o
                0x08016094                StepmotorSetEncoderOffset
 .text.StepmotorSetLockPosition
                0x080160ac       0x60 src/stepmotor.o
                0x080160ac                StepmotorSetLockPosition
 .text.StepmotorGoToLockPosition
                0x0801610c       0x38 src/stepmotor.o
                0x0801610c                StepmotorGoToLockPosition
 .text.NMI_Handler
                0x08016144        0xe src/stm32f4xx_it.o
                0x08016144                NMI_Handler
 .text.HardFault_Handler
                0x08016152        0x6 src/stm32f4xx_it.o
                0x08016152                HardFault_Handler
 .text.MemManage_Handler
                0x08016158        0x6 src/stm32f4xx_it.o
                0x08016158                MemManage_Handler
 .text.BusFault_Handler
                0x0801615e        0x6 src/stm32f4xx_it.o
                0x0801615e                BusFault_Handler
 .text.UsageFault_Handler
                0x08016164        0x6 src/stm32f4xx_it.o
                0x08016164                UsageFault_Handler
 .text.DebugMon_Handler
                0x0801616a        0xe src/stm32f4xx_it.o
                0x0801616a                DebugMon_Handler
 .text.SVC_Handler
                0x08016178        0xe src/stm32f4xx_it.o
                0x08016178                SVC_Handler
 .text.PendSV_Handler
                0x08016186        0xe src/stm32f4xx_it.o
                0x08016186                PendSV_Handler
 .text.SysTick_Handler
                0x08016194        0xe src/stm32f4xx_it.o
                0x08016194                SysTick_Handler
 *fill*         0x080161a2        0x2 
 .text.TIM1_BRK_TIM9_IRQHandler
                0x080161a4       0x24 src/stm32f4xx_it.o
                0x080161a4                TIM1_BRK_TIM9_IRQHandler
 .text.TIM1_UP_TIM10_IRQHandler
                0x080161c8       0xb0 src/stm32f4xx_it.o
                0x080161c8                TIM1_UP_TIM10_IRQHandler
 .text.TIM1_TRG_COM_TIM11_IRQHandler
                0x08016278       0xa4 src/stm32f4xx_it.o
                0x08016278                TIM1_TRG_COM_TIM11_IRQHandler
 .text.TIM8_BRK_TIM12_IRQHandler
                0x0801631c       0x24 src/stm32f4xx_it.o
                0x0801631c                TIM8_BRK_TIM12_IRQHandler
 .text.TIM8_UP_TIM13_IRQHandler
                0x08016340       0x24 src/stm32f4xx_it.o
                0x08016340                TIM8_UP_TIM13_IRQHandler
 .text.TIM4_IRQHandler
                0x08016364       0x24 src/stm32f4xx_it.o
                0x08016364                TIM4_IRQHandler
 .text.TIM6_DAC_IRQHandler
                0x08016388       0x24 src/stm32f4xx_it.o
                0x08016388                TIM6_DAC_IRQHandler
 .text.TIM7_IRQHandler
                0x080163ac       0xe4 src/stm32f4xx_it.o
                0x080163ac                TIM7_IRQHandler
 .text.TIM8_TRG_COM_TIM14_IRQHandler
                0x08016490       0x24 src/stm32f4xx_it.o
                0x08016490                TIM8_TRG_COM_TIM14_IRQHandler
 .text.ADC_IRQHandler
                0x080164b4       0x64 src/stm32f4xx_it.o
                0x080164b4                ADC_IRQHandler
 .text.EXTI0_IRQHandler
                0x08016518       0x1a src/stm32f4xx_it.o
                0x08016518                EXTI0_IRQHandler
 .text.EXTI1_IRQHandler
                0x08016532       0x1a src/stm32f4xx_it.o
                0x08016532                EXTI1_IRQHandler
 .text.EXTI3_IRQHandler
                0x0801654c       0x1a src/stm32f4xx_it.o
                0x0801654c                EXTI3_IRQHandler
 *fill*         0x08016566        0x2 
 .text.EXTI9_5_IRQHandler
                0x08016568      0x164 src/stm32f4xx_it.o
                0x08016568                EXTI9_5_IRQHandler
 .text.EXTI15_10_IRQHandler
                0x080166cc       0x34 src/stm32f4xx_it.o
                0x080166cc                EXTI15_10_IRQHandler
 .text.SPI2_IRQHandler
                0x08016700       0x38 src/stm32f4xx_it.o
                0x08016700                SPI2_IRQHandler
 .text.SPI3_IRQHandler
                0x08016738       0x38 src/stm32f4xx_it.o
                0x08016738                SPI3_IRQHandler
 .text.USART1_IRQHandler
                0x08016770      0x118 src/stm32f4xx_it.o
                0x08016770                USART1_IRQHandler
 .text.USART2_IRQHandler
                0x08016888       0x40 src/stm32f4xx_it.o
                0x08016888                USART2_IRQHandler
 .text.USART3_IRQHandler
                0x080168c8       0x40 src/stm32f4xx_it.o
                0x080168c8                USART3_IRQHandler
 .text.USART6_IRQHandler
                0x08016908       0x40 src/stm32f4xx_it.o
                0x08016908                USART6_IRQHandler
 .text.I2C2_EV_IRQHandler
                0x08016948       0x80 src/stm32f4xx_it.o
                0x08016948                I2C2_EV_IRQHandler
 .text.DMA1_Stream6_IRQHandler
                0x080169c8       0x90 src/stm32f4xx_it.o
                0x080169c8                DMA1_Stream6_IRQHandler
 .text.DMA2_Stream5_IRQHandler
                0x08016a58       0x90 src/stm32f4xx_it.o
                0x08016a58                DMA2_Stream5_IRQHandler
 .text.Delayms  0x08016ae8       0x4c src/stm32f4xx_it.o
                0x08016ae8                Delayms
 .text._sbrk    0x08016b34       0x58 src/syscalls.o
                0x08016b34                _sbrk
 .text.SystemInit
                0x08016b8c       0x6c src/system_stm32f4xx.o
                0x08016b8c                SystemInit
 .text.SetSysClock
                0x08016bf8      0x128 src/system_stm32f4xx.o
 .text.UartPcInit
                0x08016d20      0x110 src/uartpc.o
                0x08016d20                UartPcInit
 .text.UartPcReceive
                0x08016e30       0x64 src/uartpc.o
                0x08016e30                UartPcReceive
 .text.UartPcWorkTx
                0x08016e94       0x1c src/uartpc.o
                0x08016e94                UartPcWorkTx
 .text.UartPcAppendMessageToTxQueue
                0x08016eb0       0x94 src/uartpc.o
                0x08016eb0                UartPcAppendMessageToTxQueue
 .text.UartPcSendMessageFromTxQueue
                0x08016f44       0xb8 src/uartpc.o
                0x08016f44                UartPcSendMessageFromTxQueue
 .text.Reset_Handler
                0x08016ffc       0x50 startup/startup_stm32.o
                0x08016ffc                Reset_Handler
 .text.Default_Handler
                0x0801704c        0x2 startup/startup_stm32.o
                0x0801704c                RTC_Alarm_IRQHandler
                0x0801704c                HASH_RNG_IRQHandler
                0x0801704c                EXTI2_IRQHandler
                0x0801704c                TIM8_CC_IRQHandler
                0x0801704c                TIM1_CC_IRQHandler
                0x0801704c                DMA1_Stream5_IRQHandler
                0x0801704c                PVD_IRQHandler
                0x0801704c                SDIO_IRQHandler
                0x0801704c                TAMP_STAMP_IRQHandler
                0x0801704c                CAN2_RX1_IRQHandler
                0x0801704c                I2C3_ER_IRQHandler
                0x0801704c                LCD_TFT_IRQHandler
                0x0801704c                DMA1_Stream2_IRQHandler
                0x0801704c                CAN1_RX0_IRQHandler
                0x0801704c                FPU_IRQHandler
                0x0801704c                OTG_HS_WKUP_IRQHandler
                0x0801704c                CAN2_SCE_IRQHandler
                0x0801704c                DMA2_Stream2_IRQHandler
                0x0801704c                SPI1_IRQHandler
                0x0801704c                DCMI_IRQHandler
                0x0801704c                CAN2_RX0_IRQHandler
                0x0801704c                DMA2_Stream3_IRQHandler
                0x0801704c                CRYP_IRQHandler
                0x0801704c                CAN1_RX1_IRQHandler
                0x0801704c                UART5_IRQHandler
                0x0801704c                DMA2_Stream0_IRQHandler
                0x0801704c                I2C1_EV_IRQHandler
                0x0801704c                DMA1_Stream1_IRQHandler
                0x0801704c                UART4_IRQHandler
                0x0801704c                LCD_TFT_1_IRQHandler
                0x0801704c                TIM3_IRQHandler
                0x0801704c                RCC_IRQHandler
                0x0801704c                Default_Handler
                0x0801704c                DMA1_Stream7_IRQHandler
                0x0801704c                CAN2_TX_IRQHandler
                0x0801704c                TIM5_IRQHandler
                0x0801704c                DMA2_Stream7_IRQHandler
                0x0801704c                I2C3_EV_IRQHandler
                0x0801704c                RTC_WKUP_IRQHandler
                0x0801704c                ETH_WKUP_IRQHandler
                0x0801704c                OTG_HS_EP1_IN_IRQHandler
                0x0801704c                DMA1_Stream0_IRQHandler
                0x0801704c                CAN1_TX_IRQHandler
                0x0801704c                EXTI4_IRQHandler
                0x0801704c                FSMC_IRQHandler
                0x0801704c                ETH_IRQHandler
                0x0801704c                OTG_HS_EP1_OUT_IRQHandler
                0x0801704c                WWDG_IRQHandler
                0x0801704c                TIM2_IRQHandler
                0x0801704c                OTG_FS_WKUP_IRQHandler
                0x0801704c                OTG_HS_IRQHandler
                0x0801704c                I2C2_ER_IRQHandler
                0x0801704c                DMA2_Stream1_IRQHandler
                0x0801704c                CAN1_SCE_IRQHandler
                0x0801704c                DMA2_Stream4_IRQHandler
                0x0801704c                OTG_FS_IRQHandler
                0x0801704c                DMA1_Stream4_IRQHandler
                0x0801704c                I2C1_ER_IRQHandler
                0x0801704c                DMA2_Stream6_IRQHandler
                0x0801704c                DMA1_Stream3_IRQHandler
 *fill*         0x0801704e        0x2 
 .text.log      0x08017050      0x100 c:/ac6/systemworkbench/plugins/fr.ac6.mcu.externaltools.arm-none.win32_1.17.0.201812190825/tools/compiler/bin/../lib/gcc/arm-none-eabi/7.3.1/../../../../arm-none-eabi/lib/thumb/v7e-m/fpv4-sp/hard\libm.a(lib_a-w_log.o)
                0x08017050                log
 .text.__ieee754_log
                0x08017150      0x3b4 c:/ac6/systemworkbench/plugins/fr.ac6.mcu.externaltools.arm-none.win32_1.17.0.201812190825/tools/compiler/bin/../lib/gcc/arm-none-eabi/7.3.1/../../../../arm-none-eabi/lib/thumb/v7e-m/fpv4-sp/hard\libm.a(lib_a-e_log.o)
                0x08017150                __ieee754_log
 .text.matherr  0x08017504        0x4 c:/ac6/systemworkbench/plugins/fr.ac6.mcu.externaltools.arm-none.win32_1.17.0.201812190825/tools/compiler/bin/../lib/gcc/arm-none-eabi/7.3.1/../../../../arm-none-eabi/lib/thumb/v7e-m/fpv4-sp/hard\libm.a(lib_a-s_matherr.o)
                0x08017504                matherr
 .text.nan      0x08017508       0x10 c:/ac6/systemworkbench/plugins/fr.ac6.mcu.externaltools.arm-none.win32_1.17.0.201812190825/tools/compiler/bin/../lib/gcc/arm-none-eabi/7.3.1/../../../../arm-none-eabi/lib/thumb/v7e-m/fpv4-sp/hard\libm.a(lib_a-s_nan.o)
                0x08017508                nan
 .text.atoi     0x08017518        0x8 c:/ac6/systemworkbench/plugins/fr.ac6.mcu.externaltools.arm-none.win32_1.17.0.201812190825/tools/compiler/bin/../lib/gcc/arm-none-eabi/7.3.1/../../../../arm-none-eabi/lib/thumb/v7e-m/fpv4-sp/hard\libc.a(lib_a-atoi.o)
                0x08017518                atoi
 .text.atol     0x08017520        0x8 c:/ac6/systemworkbench/plugins/fr.ac6.mcu.externaltools.arm-none.win32_1.17.0.201812190825/tools/compiler/bin/../lib/gcc/arm-none-eabi/7.3.1/../../../../arm-none-eabi/lib/thumb/v7e-m/fpv4-sp/hard\libc.a(lib_a-atol.o)
                0x08017520                atol
 .text.__errno  0x08017528        0xc c:/ac6/systemworkbench/plugins/fr.ac6.mcu.externaltools.arm-none.win32_1.17.0.201812190825/tools/compiler/bin/../lib/gcc/arm-none-eabi/7.3.1/../../../../arm-none-eabi/lib/thumb/v7e-m/fpv4-sp/hard\libc.a(lib_a-errno.o)
                0x08017528                __errno
 .text.__libc_init_array
                0x08017534       0x48 c:/ac6/systemworkbench/plugins/fr.ac6.mcu.externaltools.arm-none.win32_1.17.0.201812190825/tools/compiler/bin/../lib/gcc/arm-none-eabi/7.3.1/../../../../arm-none-eabi/lib/thumb/v7e-m/fpv4-sp/hard\libc.a(lib_a-init.o)
                0x08017534                __libc_init_array
 .text.__itoa   0x0801757c       0x38 c:/ac6/systemworkbench/plugins/fr.ac6.mcu.externaltools.arm-none.win32_1.17.0.201812190825/tools/compiler/bin/../lib/gcc/arm-none-eabi/7.3.1/../../../../arm-none-eabi/lib/thumb/v7e-m/fpv4-sp/hard\libc.a(lib_a-itoa.o)
                0x0801757c                __itoa
 .text.itoa     0x080175b4        0x4 c:/ac6/systemworkbench/plugins/fr.ac6.mcu.externaltools.arm-none.win32_1.17.0.201812190825/tools/compiler/bin/../lib/gcc/arm-none-eabi/7.3.1/../../../../arm-none-eabi/lib/thumb/v7e-m/fpv4-sp/hard\libc.a(lib_a-itoa.o)
                0x080175b4                itoa
 .text.memset   0x080175b8       0x94 c:/ac6/systemworkbench/plugins/fr.ac6.mcu.externaltools.arm-none.win32_1.17.0.201812190825/tools/compiler/bin/../lib/gcc/arm-none-eabi/7.3.1/../../../../arm-none-eabi/lib/thumb/v7e-m/fpv4-sp/hard\libc.a(lib_a-memset.o)
                0x080175b8                memset
 .text.sprintf  0x0801764c       0x44 c:/ac6/systemworkbench/plugins/fr.ac6.mcu.externaltools.arm-none.win32_1.17.0.201812190825/tools/compiler/bin/../lib/gcc/arm-none-eabi/7.3.1/../../../../arm-none-eabi/lib/thumb/v7e-m/fpv4-sp/hard\libc.a(lib_a-sprintf.o)
                0x0801764c                sprintf
 .text.strcat   0x08017690       0x40 c:/ac6/systemworkbench/plugins/fr.ac6.mcu.externaltools.arm-none.win32_1.17.0.201812190825/tools/compiler/bin/../lib/gcc/arm-none-eabi/7.3.1/../../../../arm-none-eabi/lib/thumb/v7e-m/fpv4-sp/hard\libc.a(lib_a-strcat.o)
                0x08017690                strcat
 .text.strcpy   0x080176d0       0xbc c:/ac6/systemworkbench/plugins/fr.ac6.mcu.externaltools.arm-none.win32_1.17.0.201812190825/tools/compiler/bin/../lib/gcc/arm-none-eabi/7.3.1/../../../../arm-none-eabi/lib/thumb/v7e-m/fpv4-sp/hard\libc.a(lib_a-strcpy.o)
                0x080176d0                strcpy
 .text._strtol_l.isra.0
                0x0801778c      0x124 c:/ac6/systemworkbench/plugins/fr.ac6.mcu.externaltools.arm-none.win32_1.17.0.201812190825/tools/compiler/bin/../lib/gcc/arm-none-eabi/7.3.1/../../../../arm-none-eabi/lib/thumb/v7e-m/fpv4-sp/hard\libc.a(lib_a-strtol.o)
 .text.strtol   0x080178b0       0x2c c:/ac6/systemworkbench/plugins/fr.ac6.mcu.externaltools.arm-none.win32_1.17.0.201812190825/tools/compiler/bin/../lib/gcc/arm-none-eabi/7.3.1/../../../../arm-none-eabi/lib/thumb/v7e-m/fpv4-sp/hard\libc.a(lib_a-strtol.o)
                0x080178b0                strtol
 *fill*         0x080178dc        0x4 
 .text._svfprintf_r
                0x080178e0     0x19cc c:/ac6/systemworkbench/plugins/fr.ac6.mcu.externaltools.arm-none.win32_1.17.0.201812190825/tools/compiler/bin/../lib/gcc/arm-none-eabi/7.3.1/../../../../arm-none-eabi/lib/thumb/v7e-m/fpv4-sp/hard\libc.a(lib_a-svfprintf.o)
                0x080178e0                _svfprintf_r
 .text.__utoa   0x080192ac       0x80 c:/ac6/systemworkbench/plugins/fr.ac6.mcu.externaltools.arm-none.win32_1.17.0.201812190825/tools/compiler/bin/../lib/gcc/arm-none-eabi/7.3.1/../../../../arm-none-eabi/lib/thumb/v7e-m/fpv4-sp/hard\libc.a(lib_a-utoa.o)
                0x080192ac                __utoa
 .text.startup.register_fini
                0x0801932c       0x14 c:/ac6/systemworkbench/plugins/fr.ac6.mcu.externaltools.arm-none.win32_1.17.0.201812190825/tools/compiler/bin/../lib/gcc/arm-none-eabi/7.3.1/../../../../arm-none-eabi/lib/thumb/v7e-m/fpv4-sp/hard\libc.a(lib_a-__call_atexit.o)
 .text.atexit   0x08019340        0xc c:/ac6/systemworkbench/plugins/fr.ac6.mcu.externaltools.arm-none.win32_1.17.0.201812190825/tools/compiler/bin/../lib/gcc/arm-none-eabi/7.3.1/../../../../arm-none-eabi/lib/thumb/v7e-m/fpv4-sp/hard\libc.a(lib_a-atexit.o)
                0x08019340                atexit
 .text.quorem   0x0801934c      0x124 c:/ac6/systemworkbench/plugins/fr.ac6.mcu.externaltools.arm-none.win32_1.17.0.201812190825/tools/compiler/bin/../lib/gcc/arm-none-eabi/7.3.1/../../../../arm-none-eabi/lib/thumb/v7e-m/fpv4-sp/hard\libc.a(lib_a-dtoa.o)
 .text._dtoa_r  0x08019470      0xe20 c:/ac6/systemworkbench/plugins/fr.ac6.mcu.externaltools.arm-none.win32_1.17.0.201812190825/tools/compiler/bin/../lib/gcc/arm-none-eabi/7.3.1/../../../../arm-none-eabi/lib/thumb/v7e-m/fpv4-sp/hard\libc.a(lib_a-dtoa.o)
                0x08019470                _dtoa_r
 .text.__libc_fini_array
                0x0801a290       0x34 c:/ac6/systemworkbench/plugins/fr.ac6.mcu.externaltools.arm-none.win32_1.17.0.201812190825/tools/compiler/bin/../lib/gcc/arm-none-eabi/7.3.1/../../../../arm-none-eabi/lib/thumb/v7e-m/fpv4-sp/hard\libc.a(lib_a-fini.o)
                0x0801a290                __libc_fini_array
 .text._malloc_trim_r
                0x0801a2c4       0xa0 c:/ac6/systemworkbench/plugins/fr.ac6.mcu.externaltools.arm-none.win32_1.17.0.201812190825/tools/compiler/bin/../lib/gcc/arm-none-eabi/7.3.1/../../../../arm-none-eabi/lib/thumb/v7e-m/fpv4-sp/hard\libc.a(lib_a-freer.o)
                0x0801a2c4                _malloc_trim_r
 .text._free_r  0x0801a364      0x1e8 c:/ac6/systemworkbench/plugins/fr.ac6.mcu.externaltools.arm-none.win32_1.17.0.201812190825/tools/compiler/bin/../lib/gcc/arm-none-eabi/7.3.1/../../../../arm-none-eabi/lib/thumb/v7e-m/fpv4-sp/hard\libc.a(lib_a-freer.o)
                0x0801a364                _free_r
 .text.__locale_ctype_ptr_l
                0x0801a54c        0x8 c:/ac6/systemworkbench/plugins/fr.ac6.mcu.externaltools.arm-none.win32_1.17.0.201812190825/tools/compiler/bin/../lib/gcc/arm-none-eabi/7.3.1/../../../../arm-none-eabi/lib/thumb/v7e-m/fpv4-sp/hard\libc.a(lib_a-locale.o)
                0x0801a54c                __locale_ctype_ptr_l
 .text._localeconv_r
                0x0801a554       0x1c c:/ac6/systemworkbench/plugins/fr.ac6.mcu.externaltools.arm-none.win32_1.17.0.201812190825/tools/compiler/bin/../lib/gcc/arm-none-eabi/7.3.1/../../../../arm-none-eabi/lib/thumb/v7e-m/fpv4-sp/hard\libc.a(lib_a-localeconv.o)
                0x0801a554                _localeconv_r
 .text.__retarget_lock_acquire_recursive
                0x0801a570        0x4 c:/ac6/systemworkbench/plugins/fr.ac6.mcu.externaltools.arm-none.win32_1.17.0.201812190825/tools/compiler/bin/../lib/gcc/arm-none-eabi/7.3.1/../../../../arm-none-eabi/lib/thumb/v7e-m/fpv4-sp/hard\libc.a(lib_a-lock.o)
                0x0801a570                __retarget_lock_acquire_recursive
 .text.__retarget_lock_release_recursive
                0x0801a574        0x4 c:/ac6/systemworkbench/plugins/fr.ac6.mcu.externaltools.arm-none.win32_1.17.0.201812190825/tools/compiler/bin/../lib/gcc/arm-none-eabi/7.3.1/../../../../arm-none-eabi/lib/thumb/v7e-m/fpv4-sp/hard\libc.a(lib_a-lock.o)
                0x0801a574                __retarget_lock_release_recursive
 .text._malloc_r
                0x0801a578      0x548 c:/ac6/systemworkbench/plugins/fr.ac6.mcu.externaltools.arm-none.win32_1.17.0.201812190825/tools/compiler/bin/../lib/gcc/arm-none-eabi/7.3.1/../../../../arm-none-eabi/lib/thumb/v7e-m/fpv4-sp/hard\libc.a(lib_a-mallocr.o)
                0x0801a578                _malloc_r
 .text.__ascii_mbtowc
                0x0801aac0       0x2c c:/ac6/systemworkbench/plugins/fr.ac6.mcu.externaltools.arm-none.win32_1.17.0.201812190825/tools/compiler/bin/../lib/gcc/arm-none-eabi/7.3.1/../../../../arm-none-eabi/lib/thumb/v7e-m/fpv4-sp/hard\libc.a(lib_a-mbtowc_r.o)
                0x0801aac0                __ascii_mbtowc
 .text.__malloc_lock
                0x0801aaec        0xc c:/ac6/systemworkbench/plugins/fr.ac6.mcu.externaltools.arm-none.win32_1.17.0.201812190825/tools/compiler/bin/../lib/gcc/arm-none-eabi/7.3.1/../../../../arm-none-eabi/lib/thumb/v7e-m/fpv4-sp/hard\libc.a(lib_a-mlock.o)
                0x0801aaec                __malloc_lock
 .text.__malloc_unlock
                0x0801aaf8        0xc c:/ac6/systemworkbench/plugins/fr.ac6.mcu.externaltools.arm-none.win32_1.17.0.201812190825/tools/compiler/bin/../lib/gcc/arm-none-eabi/7.3.1/../../../../arm-none-eabi/lib/thumb/v7e-m/fpv4-sp/hard\libc.a(lib_a-mlock.o)
                0x0801aaf8                __malloc_unlock
 .text._Balloc  0x0801ab04       0x4c c:/ac6/systemworkbench/plugins/fr.ac6.mcu.externaltools.arm-none.win32_1.17.0.201812190825/tools/compiler/bin/../lib/gcc/arm-none-eabi/7.3.1/../../../../arm-none-eabi/lib/thumb/v7e-m/fpv4-sp/hard\libc.a(lib_a-mprec.o)
                0x0801ab04                _Balloc
 .text._Bfree   0x0801ab50       0x14 c:/ac6/systemworkbench/plugins/fr.ac6.mcu.externaltools.arm-none.win32_1.17.0.201812190825/tools/compiler/bin/../lib/gcc/arm-none-eabi/7.3.1/../../../../arm-none-eabi/lib/thumb/v7e-m/fpv4-sp/hard\libc.a(lib_a-mprec.o)
                0x0801ab50                _Bfree
 .text.__multadd
                0x0801ab64       0x80 c:/ac6/systemworkbench/plugins/fr.ac6.mcu.externaltools.arm-none.win32_1.17.0.201812190825/tools/compiler/bin/../lib/gcc/arm-none-eabi/7.3.1/../../../../arm-none-eabi/lib/thumb/v7e-m/fpv4-sp/hard\libc.a(lib_a-mprec.o)
                0x0801ab64                __multadd
 .text.__hi0bits
                0x0801abe4       0x40 c:/ac6/systemworkbench/plugins/fr.ac6.mcu.externaltools.arm-none.win32_1.17.0.201812190825/tools/compiler/bin/../lib/gcc/arm-none-eabi/7.3.1/../../../../arm-none-eabi/lib/thumb/v7e-m/fpv4-sp/hard\libc.a(lib_a-mprec.o)
                0x0801abe4                __hi0bits
 .text.__lo0bits
                0x0801ac24       0x60 c:/ac6/systemworkbench/plugins/fr.ac6.mcu.externaltools.arm-none.win32_1.17.0.201812190825/tools/compiler/bin/../lib/gcc/arm-none-eabi/7.3.1/../../../../arm-none-eabi/lib/thumb/v7e-m/fpv4-sp/hard\libc.a(lib_a-mprec.o)
                0x0801ac24                __lo0bits
 .text.__i2b    0x0801ac84       0x14 c:/ac6/systemworkbench/plugins/fr.ac6.mcu.externaltools.arm-none.win32_1.17.0.201812190825/tools/compiler/bin/../lib/gcc/arm-none-eabi/7.3.1/../../../../arm-none-eabi/lib/thumb/v7e-m/fpv4-sp/hard\libc.a(lib_a-mprec.o)
                0x0801ac84                __i2b
 .text.__multiply
                0x0801ac98      0x14c c:/ac6/systemworkbench/plugins/fr.ac6.mcu.externaltools.arm-none.win32_1.17.0.201812190825/tools/compiler/bin/../lib/gcc/arm-none-eabi/7.3.1/../../../../arm-none-eabi/lib/thumb/v7e-m/fpv4-sp/hard\libc.a(lib_a-mprec.o)
                0x0801ac98                __multiply
 .text.__pow5mult
                0x0801ade4       0xa0 c:/ac6/systemworkbench/plugins/fr.ac6.mcu.externaltools.arm-none.win32_1.17.0.201812190825/tools/compiler/bin/../lib/gcc/arm-none-eabi/7.3.1/../../../../arm-none-eabi/lib/thumb/v7e-m/fpv4-sp/hard\libc.a(lib_a-mprec.o)
                0x0801ade4                __pow5mult
 .text.__lshift
                0x0801ae84       0xac c:/ac6/systemworkbench/plugins/fr.ac6.mcu.externaltools.arm-none.win32_1.17.0.201812190825/tools/compiler/bin/../lib/gcc/arm-none-eabi/7.3.1/../../../../arm-none-eabi/lib/thumb/v7e-m/fpv4-sp/hard\libc.a(lib_a-mprec.o)
                0x0801ae84                __lshift
 .text.__mcmp   0x0801af30       0x38 c:/ac6/systemworkbench/plugins/fr.ac6.mcu.externaltools.arm-none.win32_1.17.0.201812190825/tools/compiler/bin/../lib/gcc/arm-none-eabi/7.3.1/../../../../arm-none-eabi/lib/thumb/v7e-m/fpv4-sp/hard\libc.a(lib_a-mprec.o)
                0x0801af30                __mcmp
 .text.__mdiff  0x0801af68       0xec c:/ac6/systemworkbench/plugins/fr.ac6.mcu.externaltools.arm-none.win32_1.17.0.201812190825/tools/compiler/bin/../lib/gcc/arm-none-eabi/7.3.1/../../../../arm-none-eabi/lib/thumb/v7e-m/fpv4-sp/hard\libc.a(lib_a-mprec.o)
                0x0801af68                __mdiff
 .text.__d2b    0x0801b054       0xc4 c:/ac6/systemworkbench/plugins/fr.ac6.mcu.externaltools.arm-none.win32_1.17.0.201812190825/tools/compiler/bin/../lib/gcc/arm-none-eabi/7.3.1/../../../../arm-none-eabi/lib/thumb/v7e-m/fpv4-sp/hard\libc.a(lib_a-mprec.o)
                0x0801b054                __d2b
 .text.frexp    0x0801b118       0x68 c:/ac6/systemworkbench/plugins/fr.ac6.mcu.externaltools.arm-none.win32_1.17.0.201812190825/tools/compiler/bin/../lib/gcc/arm-none-eabi/7.3.1/../../../../arm-none-eabi/lib/thumb/v7e-m/fpv4-sp/hard\libc.a(lib_a-s_frexp.o)
                0x0801b118                frexp
 .text._sbrk_r  0x0801b180       0x24 c:/ac6/systemworkbench/plugins/fr.ac6.mcu.externaltools.arm-none.win32_1.17.0.201812190825/tools/compiler/bin/../lib/gcc/arm-none-eabi/7.3.1/../../../../arm-none-eabi/lib/thumb/v7e-m/fpv4-sp/hard\libc.a(lib_a-sbrkr.o)
                0x0801b180                _sbrk_r
 .text.strncpy  0x0801b1a4       0x64 c:/ac6/systemworkbench/plugins/fr.ac6.mcu.externaltools.arm-none.win32_1.17.0.201812190825/tools/compiler/bin/../lib/gcc/arm-none-eabi/7.3.1/../../../../arm-none-eabi/lib/thumb/v7e-m/fpv4-sp/hard\libc.a(lib_a-strncpy.o)
                0x0801b1a4                strncpy
 .text.__ssprint_r
                0x0801b208       0xf4 c:/ac6/systemworkbench/plugins/fr.ac6.mcu.externaltools.arm-none.win32_1.17.0.201812190825/tools/compiler/bin/../lib/gcc/arm-none-eabi/7.3.1/../../../../arm-none-eabi/lib/thumb/v7e-m/fpv4-sp/hard\libc.a(lib_a-svfiprintf.o)
                0x0801b208                __ssprint_r
 .text.__ascii_wctomb
                0x0801b2fc       0x1c c:/ac6/systemworkbench/plugins/fr.ac6.mcu.externaltools.arm-none.win32_1.17.0.201812190825/tools/compiler/bin/../lib/gcc/arm-none-eabi/7.3.1/../../../../arm-none-eabi/lib/thumb/v7e-m/fpv4-sp/hard\libc.a(lib_a-wctomb_r.o)
                0x0801b2fc                __ascii_wctomb
 .text.__register_exitproc
                0x0801b318       0xc0 c:/ac6/systemworkbench/plugins/fr.ac6.mcu.externaltools.arm-none.win32_1.17.0.201812190825/tools/compiler/bin/../lib/gcc/arm-none-eabi/7.3.1/../../../../arm-none-eabi/lib/thumb/v7e-m/fpv4-sp/hard\libc.a(lib_a-__atexit.o)
                0x0801b318                __register_exitproc
 .text._calloc_r
                0x0801b3d8       0x68 c:/ac6/systemworkbench/plugins/fr.ac6.mcu.externaltools.arm-none.win32_1.17.0.201812190825/tools/compiler/bin/../lib/gcc/arm-none-eabi/7.3.1/../../../../arm-none-eabi/lib/thumb/v7e-m/fpv4-sp/hard\libc.a(lib_a-callocr.o)
                0x0801b3d8                _calloc_r
 .text.memmove  0x0801b440       0xc8 c:/ac6/systemworkbench/plugins/fr.ac6.mcu.externaltools.arm-none.win32_1.17.0.201812190825/tools/compiler/bin/../lib/gcc/arm-none-eabi/7.3.1/../../../../arm-none-eabi/lib/thumb/v7e-m/fpv4-sp/hard\libc.a(lib_a-memmove.o)
                0x0801b440                memmove
 .text._realloc_r
                0x0801b508      0x35c c:/ac6/systemworkbench/plugins/fr.ac6.mcu.externaltools.arm-none.win32_1.17.0.201812190825/tools/compiler/bin/../lib/gcc/arm-none-eabi/7.3.1/../../../../arm-none-eabi/lib/thumb/v7e-m/fpv4-sp/hard\libc.a(lib_a-reallocr.o)
                0x0801b508                _realloc_r
 *(.glue_7)
 .glue_7        0x0801b864        0x0 linker stubs
 *(.glue_7t)
 .glue_7t       0x0801b864        0x0 linker stubs
 *(.eh_frame)
 .eh_frame      0x0801b864        0x0 c:/ac6/systemworkbench/plugins/fr.ac6.mcu.externaltools.arm-none.win32_1.17.0.201812190825/tools/compiler/bin/../lib/gcc/arm-none-eabi/7.3.1/thumb/v7e-m/fpv4-sp/hard/crtbegin.o
 *(.init)
 .init          0x0801b864        0x4 c:/ac6/systemworkbench/plugins/fr.ac6.mcu.externaltools.arm-none.win32_1.17.0.201812190825/tools/compiler/bin/../lib/gcc/arm-none-eabi/7.3.1/thumb/v7e-m/fpv4-sp/hard/crti.o
                0x0801b864                _init
 .init          0x0801b868        0x8 c:/ac6/systemworkbench/plugins/fr.ac6.mcu.externaltools.arm-none.win32_1.17.0.201812190825/tools/compiler/bin/../lib/gcc/arm-none-eabi/7.3.1/thumb/v7e-m/fpv4-sp/hard/crtn.o
 *(.fini)
 .fini          0x0801b870        0x4 c:/ac6/systemworkbench/plugins/fr.ac6.mcu.externaltools.arm-none.win32_1.17.0.201812190825/tools/compiler/bin/../lib/gcc/arm-none-eabi/7.3.1/thumb/v7e-m/fpv4-sp/hard/crti.o
                0x0801b870                _fini
 .fini          0x0801b874        0x8 c:/ac6/systemworkbench/plugins/fr.ac6.mcu.externaltools.arm-none.win32_1.17.0.201812190825/tools/compiler/bin/../lib/gcc/arm-none-eabi/7.3.1/thumb/v7e-m/fpv4-sp/hard/crtn.o
                0x0801b87c                . = ALIGN (0x4)
                0x0801b87c                _etext = .

.vfp11_veneer   0x0801b87c        0x0
 .vfp11_veneer  0x0801b87c        0x0 linker stubs

.v4_bx          0x0801b87c        0x0
 .v4_bx         0x0801b87c        0x0 linker stubs

.iplt           0x0801b87c        0x0
 .iplt          0x0801b87c        0x0 c:/ac6/systemworkbench/plugins/fr.ac6.mcu.externaltools.arm-none.win32_1.17.0.201812190825/tools/compiler/bin/../lib/gcc/arm-none-eabi/7.3.1/thumb/v7e-m/fpv4-sp/hard/crtbegin.o

.rodata         0x0801b880      0x628
                0x0801b880                . = ALIGN (0x4)
 *(.rodata)
 .rodata        0x0801b880       0x12 src/can.o
                0x0801b880                CanAscii
 *fill*         0x0801b892        0x2 
 .rodata        0x0801b894       0x19 src/exposure.o
 *fill*         0x0801b8ad        0x3 
 .rodata        0x0801b8b0       0x50 src/i2c.o
 .rodata        0x0801b900      0x2ef src/main.o
 *(.rodata*)
 *fill*         0x0801bbef        0x1 
 .rodata.log.str1.4
                0x0801bbf0        0x4 c:/ac6/systemworkbench/plugins/fr.ac6.mcu.externaltools.arm-none.win32_1.17.0.201812190825/tools/compiler/bin/../lib/gcc/arm-none-eabi/7.3.1/../../../../arm-none-eabi/lib/thumb/v7e-m/fpv4-sp/hard\libm.a(lib_a-w_log.o)
                                  0x5 (size before relaxing)
 .rodata._global_impure_ptr
                0x0801bbf4        0x4 c:/ac6/systemworkbench/plugins/fr.ac6.mcu.externaltools.arm-none.win32_1.17.0.201812190825/tools/compiler/bin/../lib/gcc/arm-none-eabi/7.3.1/../../../../arm-none-eabi/lib/thumb/v7e-m/fpv4-sp/hard\libc.a(lib_a-impure.o)
                0x0801bbf4                _global_impure_ptr
 .rodata._svfprintf_r.str1.4
                0x0801bbf8       0x42 c:/ac6/systemworkbench/plugins/fr.ac6.mcu.externaltools.arm-none.win32_1.17.0.201812190825/tools/compiler/bin/../lib/gcc/arm-none-eabi/7.3.1/../../../../arm-none-eabi/lib/thumb/v7e-m/fpv4-sp/hard\libc.a(lib_a-svfprintf.o)
 *fill*         0x0801bc3a        0x2 
 .rodata.blanks.8590
                0x0801bc3c       0x10 c:/ac6/systemworkbench/plugins/fr.ac6.mcu.externaltools.arm-none.win32_1.17.0.201812190825/tools/compiler/bin/../lib/gcc/arm-none-eabi/7.3.1/../../../../arm-none-eabi/lib/thumb/v7e-m/fpv4-sp/hard\libc.a(lib_a-svfprintf.o)
 .rodata.zeroes.8591
                0x0801bc4c       0x10 c:/ac6/systemworkbench/plugins/fr.ac6.mcu.externaltools.arm-none.win32_1.17.0.201812190825/tools/compiler/bin/../lib/gcc/arm-none-eabi/7.3.1/../../../../arm-none-eabi/lib/thumb/v7e-m/fpv4-sp/hard\libc.a(lib_a-svfprintf.o)
 .rodata.__utoa.str1.4
                0x0801bc5c       0x25 c:/ac6/systemworkbench/plugins/fr.ac6.mcu.externaltools.arm-none.win32_1.17.0.201812190825/tools/compiler/bin/../lib/gcc/arm-none-eabi/7.3.1/../../../../arm-none-eabi/lib/thumb/v7e-m/fpv4-sp/hard\libc.a(lib_a-utoa.o)
 *fill*         0x0801bc81        0x3 
 .rodata._dtoa_r.str1.4
                0x0801bc84       0x10 c:/ac6/systemworkbench/plugins/fr.ac6.mcu.externaltools.arm-none.win32_1.17.0.201812190825/tools/compiler/bin/../lib/gcc/arm-none-eabi/7.3.1/../../../../arm-none-eabi/lib/thumb/v7e-m/fpv4-sp/hard\libc.a(lib_a-dtoa.o)
                                 0x12 (size before relaxing)
 .rodata._setlocale_r.str1.4
                0x0801bc94        0xa c:/ac6/systemworkbench/plugins/fr.ac6.mcu.externaltools.arm-none.win32_1.17.0.201812190825/tools/compiler/bin/../lib/gcc/arm-none-eabi/7.3.1/../../../../arm-none-eabi/lib/thumb/v7e-m/fpv4-sp/hard\libc.a(lib_a-locale.o)
                                  0xd (size before relaxing)
 *fill*         0x0801bc9e        0x2 
 .rodata.str1.4
                0x0801bca0        0x4 c:/ac6/systemworkbench/plugins/fr.ac6.mcu.externaltools.arm-none.win32_1.17.0.201812190825/tools/compiler/bin/../lib/gcc/arm-none-eabi/7.3.1/../../../../arm-none-eabi/lib/thumb/v7e-m/fpv4-sp/hard\libc.a(lib_a-locale.o)
                                  0x2 (size before relaxing)
 *fill*         0x0801bca4        0x4 
 .rodata.__mprec_bigtens
                0x0801bca8       0x28 c:/ac6/systemworkbench/plugins/fr.ac6.mcu.externaltools.arm-none.win32_1.17.0.201812190825/tools/compiler/bin/../lib/gcc/arm-none-eabi/7.3.1/../../../../arm-none-eabi/lib/thumb/v7e-m/fpv4-sp/hard\libc.a(lib_a-mprec.o)
                0x0801bca8                __mprec_bigtens
 .rodata.__mprec_tens
                0x0801bcd0       0xc8 c:/ac6/systemworkbench/plugins/fr.ac6.mcu.externaltools.arm-none.win32_1.17.0.201812190825/tools/compiler/bin/../lib/gcc/arm-none-eabi/7.3.1/../../../../arm-none-eabi/lib/thumb/v7e-m/fpv4-sp/hard\libc.a(lib_a-mprec.o)
                0x0801bcd0                __mprec_tens
 .rodata.p05.7367
                0x0801bd98        0xc c:/ac6/systemworkbench/plugins/fr.ac6.mcu.externaltools.arm-none.win32_1.17.0.201812190825/tools/compiler/bin/../lib/gcc/arm-none-eabi/7.3.1/../../../../arm-none-eabi/lib/thumb/v7e-m/fpv4-sp/hard\libc.a(lib_a-mprec.o)
 .rodata._ctype_
                0x0801bda4      0x101 c:/ac6/systemworkbench/plugins/fr.ac6.mcu.externaltools.arm-none.win32_1.17.0.201812190825/tools/compiler/bin/../lib/gcc/arm-none-eabi/7.3.1/../../../../arm-none-eabi/lib/thumb/v7e-m/fpv4-sp/hard\libc.a(lib_a-ctype_.o)
                0x0801bda4                _ctype_
                0x0801bea8                . = ALIGN (0x4)
 *fill*         0x0801bea5        0x3 

.ARM.extab      0x0801bea8        0x0
                0x0801bea8                . = ALIGN (0x4)
 *(.ARM.extab* .gnu.linkonce.armextab.*)
                0x0801bea8                . = ALIGN (0x4)

.ARM            0x0801bea8        0x8
                0x0801bea8                . = ALIGN (0x4)
                0x0801bea8                __exidx_start = .
 *(.ARM.exidx*)
 .ARM.exidx     0x0801bea8        0x8 c:/ac6/systemworkbench/plugins/fr.ac6.mcu.externaltools.arm-none.win32_1.17.0.201812190825/tools/compiler/bin/../lib/gcc/arm-none-eabi/7.3.1/thumb/v7e-m/fpv4-sp/hard\libgcc.a(_udivmoddi4.o)
                0x0801beb0                __exidx_end = .
                0x0801beb0                . = ALIGN (0x4)

.rel.dyn        0x0801beb0        0x0
 .rel.iplt      0x0801beb0        0x0 c:/ac6/systemworkbench/plugins/fr.ac6.mcu.externaltools.arm-none.win32_1.17.0.201812190825/tools/compiler/bin/../lib/gcc/arm-none-eabi/7.3.1/thumb/v7e-m/fpv4-sp/hard/crtbegin.o

.preinit_array  0x0801beb0        0x0
                0x0801beb0                . = ALIGN (0x4)
                0x0801beb0                PROVIDE (__preinit_array_start = .)
 *(.preinit_array*)
                0x0801beb0                PROVIDE (__preinit_array_end = .)
                0x0801beb0                . = ALIGN (0x4)

.init_array     0x0801beb0        0x8
                0x0801beb0                . = ALIGN (0x4)
                0x0801beb0                PROVIDE (__init_array_start = .)
 *(SORT_BY_NAME(.init_array.*))
 .init_array.00000
                0x0801beb0        0x4 c:/ac6/systemworkbench/plugins/fr.ac6.mcu.externaltools.arm-none.win32_1.17.0.201812190825/tools/compiler/bin/../lib/gcc/arm-none-eabi/7.3.1/../../../../arm-none-eabi/lib/thumb/v7e-m/fpv4-sp/hard\libc.a(lib_a-__call_atexit.o)
 *(.init_array*)
 .init_array    0x0801beb4        0x4 c:/ac6/systemworkbench/plugins/fr.ac6.mcu.externaltools.arm-none.win32_1.17.0.201812190825/tools/compiler/bin/../lib/gcc/arm-none-eabi/7.3.1/thumb/v7e-m/fpv4-sp/hard/crtbegin.o
                0x0801beb8                PROVIDE (__init_array_end = .)
                0x0801beb8                . = ALIGN (0x4)

.fini_array     0x0801beb8        0x4
                0x0801beb8                . = ALIGN (0x4)
                0x0801beb8                PROVIDE (__fini_array_start = .)
 *(SORT_BY_NAME(.fini_array.*))
 *(.fini_array*)
 .fini_array    0x0801beb8        0x4 c:/ac6/systemworkbench/plugins/fr.ac6.mcu.externaltools.arm-none.win32_1.17.0.201812190825/tools/compiler/bin/../lib/gcc/arm-none-eabi/7.3.1/thumb/v7e-m/fpv4-sp/hard/crtbegin.o
                0x0801bebc                PROVIDE (__fini_array_end = .)
                0x0801bebc                . = ALIGN (0x4)
                0x0801bebc                _sidata = LOADADDR (.data)

.data           0x20000000      0xa08 load address 0x0801bebc
                0x20000000                . = ALIGN (0x4)
                0x20000000                _sdata = .
 *(.data)
 .data          0x20000000       0x10 StdPeriph_Driver/src/stm32f4xx_rcc.o
 .data          0x20000010       0x30 src/main.o
                0x20000010                ptr_cur
 .data          0x20000040       0x14 src/system_stm32f4xx.o
                0x20000040                SystemCoreClock
                0x20000044                AHBPrescTable
 *(.data*)
 .data.__fdlib_version
                0x20000054        0x1 c:/ac6/systemworkbench/plugins/fr.ac6.mcu.externaltools.arm-none.win32_1.17.0.201812190825/tools/compiler/bin/../lib/gcc/arm-none-eabi/7.3.1/../../../../arm-none-eabi/lib/thumb/v7e-m/fpv4-sp/hard\libm.a(lib_a-s_lib_ver.o)
                0x20000054                __fdlib_version
 *fill*         0x20000055        0x3 
 .data._impure_ptr
                0x20000058        0x4 c:/ac6/systemworkbench/plugins/fr.ac6.mcu.externaltools.arm-none.win32_1.17.0.201812190825/tools/compiler/bin/../lib/gcc/arm-none-eabi/7.3.1/../../../../arm-none-eabi/lib/thumb/v7e-m/fpv4-sp/hard\libc.a(lib_a-impure.o)
                0x20000058                _impure_ptr
 *fill*         0x2000005c        0x4 
 .data.impure_data
                0x20000060      0x428 c:/ac6/systemworkbench/plugins/fr.ac6.mcu.externaltools.arm-none.win32_1.17.0.201812190825/tools/compiler/bin/../lib/gcc/arm-none-eabi/7.3.1/../../../../arm-none-eabi/lib/thumb/v7e-m/fpv4-sp/hard\libc.a(lib_a-impure.o)
 .data.__atexit_recursive_mutex
                0x20000488        0x4 c:/ac6/systemworkbench/plugins/fr.ac6.mcu.externaltools.arm-none.win32_1.17.0.201812190825/tools/compiler/bin/../lib/gcc/arm-none-eabi/7.3.1/../../../../arm-none-eabi/lib/thumb/v7e-m/fpv4-sp/hard\libc.a(lib_a-__call_atexit.o)
                0x20000488                __atexit_recursive_mutex
 .data.__global_locale
                0x2000048c      0x16c c:/ac6/systemworkbench/plugins/fr.ac6.mcu.externaltools.arm-none.win32_1.17.0.201812190825/tools/compiler/bin/../lib/gcc/arm-none-eabi/7.3.1/../../../../arm-none-eabi/lib/thumb/v7e-m/fpv4-sp/hard\libc.a(lib_a-locale.o)
                0x2000048c                __global_locale
 .data.__malloc_av_
                0x200005f8      0x408 c:/ac6/systemworkbench/plugins/fr.ac6.mcu.externaltools.arm-none.win32_1.17.0.201812190825/tools/compiler/bin/../lib/gcc/arm-none-eabi/7.3.1/../../../../arm-none-eabi/lib/thumb/v7e-m/fpv4-sp/hard\libc.a(lib_a-mallocr.o)
                0x200005f8                __malloc_av_
 .data.__malloc_sbrk_base
                0x20000a00        0x4 c:/ac6/systemworkbench/plugins/fr.ac6.mcu.externaltools.arm-none.win32_1.17.0.201812190825/tools/compiler/bin/../lib/gcc/arm-none-eabi/7.3.1/../../../../arm-none-eabi/lib/thumb/v7e-m/fpv4-sp/hard\libc.a(lib_a-mallocr.o)
                0x20000a00                __malloc_sbrk_base
 .data.__malloc_trim_threshold
                0x20000a04        0x4 c:/ac6/systemworkbench/plugins/fr.ac6.mcu.externaltools.arm-none.win32_1.17.0.201812190825/tools/compiler/bin/../lib/gcc/arm-none-eabi/7.3.1/../../../../arm-none-eabi/lib/thumb/v7e-m/fpv4-sp/hard\libc.a(lib_a-mallocr.o)
                0x20000a04                __malloc_trim_threshold
                0x20000a08                . = ALIGN (0x4)
                0x20000a08                _edata = .

.igot.plt       0x20000a08        0x0 load address 0x0801c8c4
 .igot.plt      0x20000a08        0x0 c:/ac6/systemworkbench/plugins/fr.ac6.mcu.externaltools.arm-none.win32_1.17.0.201812190825/tools/compiler/bin/../lib/gcc/arm-none-eabi/7.3.1/thumb/v7e-m/fpv4-sp/hard/crtbegin.o
                0x20000a08                . = ALIGN (0x4)

.bss            0x20000a08     0x2e98 load address 0x0801c8c4
                0x20000a08                _sbss = .
                0x20000a08                __bss_start__ = _sbss
 *(.bss)
 .bss           0x20000a08       0x1c c:/ac6/systemworkbench/plugins/fr.ac6.mcu.externaltools.arm-none.win32_1.17.0.201812190825/tools/compiler/bin/../lib/gcc/arm-none-eabi/7.3.1/thumb/v7e-m/fpv4-sp/hard/crtbegin.o
 .bss           0x20000a24        0x1 src/can.o
                0x20000a24                MyCanId
 .bss           0x20000a25        0x3 src/exposure.o
                0x20000a25                Exposure
                0x20000a26                ExposureASyncEnabled
                0x20000a27                ExposureBSyncEnabled
 .bss           0x20000a28        0xb src/i2c.o
                0x20000a28                I2cTimeoutCount
                0x20000a2c                temp32
                0x20000a30                I2cJobIn
                0x20000a31                I2cJobOut
                0x20000a32                I2cDebugOutput
 *fill*         0x20000a33        0x5 
 .bss           0x20000a38       0x38 src/main.o
                0x20000a38                global_current_power
                0x20000a40                rtoggel
                0x20000a42                DemoCounter
                0x20000a44                ledcount
                0x20000a48                LedRedCount
                0x20000a49                LedRedSwitch
                0x20000a4a                ValidCommandReceived
                0x20000a4c                TimeWithoutValidCommand
                0x20000a50                LastAnimationButton
                0x20000a51                LastAnimationRing
                0x20000a52                ReferenceAnimationActive
                0x20000a54                SystemTimeIn100ms
                0x20000a58                BlinkXSize
 .bss           0x20000a70       0x18 src/stm32f4xx_it.o
                0x20000a70                GoTimeBase
                0x20000a72                GoTimeBaseCounter
                0x20000a74                DelayCounter
                0x20000a76                Go10msCounter
                0x20000a78                Go10ms
                0x20000a79                Go1ms
                0x20000a7a                Go5000msCounter
                0x20000a7c                Go5000ms
                0x20000a80                EncoderCount
                0x20000a84                EncoderSync
                0x20000a86                CountInterval
 .bss           0x20000a88        0x8 src/syscalls.o
                0x20000a88                __env
 .bss           0x20000a90        0x5 src/uartpc.o
                0x20000a90                UartPc_TX_Pos
                0x20000a91                UartPc_TX_Len
                0x20000a92                UartPc_RX_Pos
                0x20000a93                UartPc_RE_Len
                0x20000a94                UartPc_TE_Len
 *(.bss*)
 *fill*         0x20000a95        0x3 
 .bss.__malloc_current_mallinfo
                0x20000a98       0x28 c:/ac6/systemworkbench/plugins/fr.ac6.mcu.externaltools.arm-none.win32_1.17.0.201812190825/tools/compiler/bin/../lib/gcc/arm-none-eabi/7.3.1/../../../../arm-none-eabi/lib/thumb/v7e-m/fpv4-sp/hard\libc.a(lib_a-mallocr.o)
                0x20000a98                __malloc_current_mallinfo
 .bss.__malloc_max_sbrked_mem
                0x20000ac0        0x4 c:/ac6/systemworkbench/plugins/fr.ac6.mcu.externaltools.arm-none.win32_1.17.0.201812190825/tools/compiler/bin/../lib/gcc/arm-none-eabi/7.3.1/../../../../arm-none-eabi/lib/thumb/v7e-m/fpv4-sp/hard\libc.a(lib_a-mallocr.o)
                0x20000ac0                __malloc_max_sbrked_mem
 .bss.__malloc_max_total_mem
                0x20000ac4        0x4 c:/ac6/systemworkbench/plugins/fr.ac6.mcu.externaltools.arm-none.win32_1.17.0.201812190825/tools/compiler/bin/../lib/gcc/arm-none-eabi/7.3.1/../../../../arm-none-eabi/lib/thumb/v7e-m/fpv4-sp/hard\libc.a(lib_a-mallocr.o)
                0x20000ac4                __malloc_max_total_mem
 .bss.__malloc_top_pad
                0x20000ac8        0x4 c:/ac6/systemworkbench/plugins/fr.ac6.mcu.externaltools.arm-none.win32_1.17.0.201812190825/tools/compiler/bin/../lib/gcc/arm-none-eabi/7.3.1/../../../../arm-none-eabi/lib/thumb/v7e-m/fpv4-sp/hard\libc.a(lib_a-mallocr.o)
                0x20000ac8                __malloc_top_pad
 *(COMMON)
 COMMON         0x20000acc      0xfe4 src/can.o
                0x20000acc                CanServomotorInfo
                0x20000ce8                CanRfidInfo
                0x20000cf0                CanThermInfo
                0x20000d24                SensorCanCommand
                0x20000d30                CanAckReceived
                0x20000d44                CanExposureInfo
                0x20000d4c                CanEnvironmentInfo
                0x20000d94                LysisCanCommand
                0x20000da4                CanAcknowledge
                0x20000ddc                DcMotorCanCommand
                0x20000e48                StepmotorCanCommand
                0x20000ed0                CanFilterInfo
                0x20000ee0                CanFirmwareVersion
                0x20000f00                CanStepperInfo
                0x20001380                CanDcMotorInfo
                0x200016e0                CanSensorInfo
                0x20001890                CanTxQueue
                0x200019d4                CanWeighcellInfo
                0x200019e0                CanXYTableInfo
                0x200019f0                CanError
                0x200019f8                ServomotorCanCommand
                0x20001a48                CanLysisInfo
                0x20001a60                CanBloodsensorInfo
                0x20001a70                CanDosageInfo
                0x20001a78                ExposureCanCommand
                0x20001a84                CanFirmwareDate
                0x20001aa4                CanBrushlessInfo
 COMMON         0x20001ab0      0x194 src/exposure.o
                0x20001ab0                LedCurrentCalibration
                0x20001acc                ExposureCalibration
                0x20001ba8                ExposureControl
                0x20001bfc                ExposureHW
 COMMON         0x20001c44      0x100 src/i2c.o
                0x20001c44                strDebugI2c
                0x20001c80                strTempI2c
                0x20001c94                I2CJobList
 COMMON         0x20001d44      0xe15 src/main.o
                0x20001d44                PcrReceiveBuffer
                0x20001e0c                BoardTemperature
                0x20001e10                FanControl
                0x20001e28                Script
                0x20002918                Voltage
                0x20002920                strt
                0x20002934                ScriptControl
                0x20002954                Filter
                0x2000297c                Current
                0x20002980                QcDateTime
                0x20002988                AdcConversionResult
                0x2000298c                c
                0x20002990                Darkfield
                0x20002994                strTemp
                0x20002a5c                CommunicationPort
                0x20002a5d                uc
                0x20002a60                ReceiveBuffer
                0x20002b28                ui
                0x20002b2c                FilterDateTime
                0x20002b34                motor
                0x20002b38                DemoPcr
                0x20002b54                NtcLocal
                0x20002b58                LogActive
 *fill*         0x20002b59        0x3 
 COMMON         0x20002b5c      0x210 src/stepmotor.o
                0x20002b5c                StepmotorHW
                0x20002c94                StepmotorControl
 COMMON         0x20002d6c        0x4 src/stm32f4xx_it.o
                0x20002d6c                DelayTic
 COMMON         0x20002d70      0xb08 src/uartpc.o
                0x20002d70                UartTxQueue
                0x20003558                UartPc_TX_Buffer
                0x20003620                UartPc_TE_Buffer
                0x200036e8                UartPc_RE_Buffer
                0x200037b0                UartPc_RX_Buffer
 COMMON         0x20003878       0x21 c:/ac6/systemworkbench/plugins/fr.ac6.mcu.externaltools.arm-none.win32_1.17.0.201812190825/tools/compiler/bin/../lib/gcc/arm-none-eabi/7.3.1/../../../../arm-none-eabi/lib/thumb/v7e-m/fpv4-sp/hard\libc.a(lib_a-lock.o)
                0x20003878                __lock___atexit_recursive_mutex
                0x2000387c                __lock___arc4random_mutex
                0x20003880                __lock___env_recursive_mutex
                0x20003884                __lock___sinit_recursive_mutex
                0x20003888                __lock___malloc_recursive_mutex
                0x2000388c                __lock___at_quick_exit_mutex
                0x20003890                __lock___dd_hash_mutex
                0x20003894                __lock___tz_mutex
                0x20003898                __lock___sfp_recursive_mutex
 *fill*         0x20003899        0x3 
 COMMON         0x2000389c        0x4 c:/ac6/systemworkbench/plugins/fr.ac6.mcu.externaltools.arm-none.win32_1.17.0.201812190825/tools/compiler/bin/../lib/gcc/arm-none-eabi/7.3.1/../../../../arm-none-eabi/lib/thumb/v7e-m/fpv4-sp/hard\libc.a(lib_a-reent.o)
                0x2000389c                errno
                0x200038a0                . = ALIGN (0x4)
                0x200038a0                _ebss = .
                0x200038a0                __bss_end__ = _ebss

._user_heap_stack
                0x200038a0      0x400 load address 0x0801c8c4
                0x200038a0                . = ALIGN (0x8)
                0x200038a0                PROVIDE (end = .)
                [!provide]                PROVIDE (_end = .)
                0x200038a0                . = (. + _Min_Heap_Size)
                0x20003ca0                . = (. + _Min_Stack_Size)
 *fill*         0x200038a0      0x400 
                0x20003ca0                . = ALIGN (0x8)

/DISCARD/
 libc.a(*)
 libm.a(*)
 libgcc.a(*)

.ARM.attributes
                0x00000000       0x30
 *(.ARM.attributes)
 .ARM.attributes
                0x00000000       0x22 c:/ac6/systemworkbench/plugins/fr.ac6.mcu.externaltools.arm-none.win32_1.17.0.201812190825/tools/compiler/bin/../lib/gcc/arm-none-eabi/7.3.1/thumb/v7e-m/fpv4-sp/hard/crti.o
 .ARM.attributes
                0x00000022       0x34 c:/ac6/systemworkbench/plugins/fr.ac6.mcu.externaltools.arm-none.win32_1.17.0.201812190825/tools/compiler/bin/../lib/gcc/arm-none-eabi/7.3.1/thumb/v7e-m/fpv4-sp/hard/crtbegin.o
 .ARM.attributes
                0x00000056       0x39 StdPeriph_Driver/src/misc.o
 .ARM.attributes
                0x0000008f       0x39 StdPeriph_Driver/src/stm32f4xx_adc.o
 .ARM.attributes
                0x000000c8       0x39 StdPeriph_Driver/src/stm32f4xx_can.o
 .ARM.attributes
                0x00000101       0x39 StdPeriph_Driver/src/stm32f4xx_dac.o
 .ARM.attributes
                0x0000013a       0x39 StdPeriph_Driver/src/stm32f4xx_dma.o
 .ARM.attributes
                0x00000173       0x39 StdPeriph_Driver/src/stm32f4xx_exti.o
 .ARM.attributes
                0x000001ac       0x39 StdPeriph_Driver/src/stm32f4xx_gpio.o
 .ARM.attributes
                0x000001e5       0x39 StdPeriph_Driver/src/stm32f4xx_i2c.o
 .ARM.attributes
                0x0000021e       0x39 StdPeriph_Driver/src/stm32f4xx_rcc.o
 .ARM.attributes
                0x00000257       0x39 StdPeriph_Driver/src/stm32f4xx_spi.o
 .ARM.attributes
                0x00000290       0x39 StdPeriph_Driver/src/stm32f4xx_syscfg.o
 .ARM.attributes
                0x000002c9       0x39 StdPeriph_Driver/src/stm32f4xx_tim.o
 .ARM.attributes
                0x00000302       0x39 StdPeriph_Driver/src/stm32f4xx_usart.o
 .ARM.attributes
                0x0000033b       0x39 src/can.o
 .ARM.attributes
                0x00000374       0x39 src/exposure.o
 .ARM.attributes
                0x000003ad       0x39 src/i2c.o
 .ARM.attributes
                0x000003e6       0x39 src/main.o
 .ARM.attributes
                0x0000041f       0x39 src/stepmotor.o
 .ARM.attributes
                0x00000458       0x39 src/stm32f4xx_it.o
 .ARM.attributes
                0x00000491       0x39 src/syscalls.o
 .ARM.attributes
                0x000004ca       0x39 src/system_stm32f4xx.o
 .ARM.attributes
                0x00000503       0x39 src/uartpc.o
 .ARM.attributes
                0x0000053c       0x21 startup/startup_stm32.o
 .ARM.attributes